Archive member included to satisfy reference by file (symbol)

../processor_cores/mkrzerov2.a(SERCOM.cpp.o)
                              build/samd21/mkrzero.o (SERCOM::SERCOM(Sercom*))
../processor_cores/mkrzerov2.a(CDC.cpp.o)
                              build/samd21/solenoid.o (Serial_::begin(unsigned long))
../processor_cores/mkrzerov2.a(USBCore.cpp.o)
                              ../processor_cores/mkrzerov2.a(CDC.cpp.o) (usbd)
../processor_cores/mkrzerov2.a(Uart.cpp.o)
                              build/samd21/solenoid.o (Uart::begin(unsigned long))
../processor_cores/mkrzerov2.a(abi.cpp.o)
                              ../farcore/build/samd21//module.o (__cxa_pure_virtual)
../processor_cores/mkrzerov2.a(PluggableUSB.cpp.o)
                              ../processor_cores/mkrzerov2.a(USBCore.cpp.o) (arduino::PluggableUSB_::getInterface(unsigned char*))
../processor_cores/mkrzerov2.a(Print.cpp.o)
                              build/samd21/SafeStringStream.o (arduino::Print::write(unsigned char const*, unsigned int))
../processor_cores/mkrzerov2.a(String.cpp.o)
                              build/samd21/solenoid.o (arduino::String::String(arduino::String&&))
../processor_cores/mkrzerov2.a(dtostrf.c.o)
                              build/samd21/SafeString.o (dtostrf)
../processor_cores/mkrzerov2.a(cortex_handlers.c.o)
                              (Reset_Handler)
../processor_cores/mkrzerov2.a(delay.c.o)
                              build/samd21/SafeString.o (millis)
../processor_cores/mkrzerov2.a(hooks.c.o)
                              ../processor_cores/mkrzerov2.a(delay.c.o) (yield)
../processor_cores/mkrzerov2.a(itoa.c.o)
                              ../processor_cores/mkrzerov2.a(String.cpp.o) (ltoa)
../processor_cores/mkrzerov2.a(main.cpp.o)
                              /home/knas/.arduino15/packages/arduino/tools/arm-none-eabi-gcc/7-2017q4/bin/../lib/gcc/arm-none-eabi/7.2.1/../../../../arm-none-eabi/lib/thumb/v6-m/crt0.o (main)
../processor_cores/mkrzerov2.a(new.cpp.o)
                              build/samd21/solenoid.o (operator new(unsigned int))
../processor_cores/mkrzerov2.a(startup.c.o)
                              ../processor_cores/mkrzerov2.a(cortex_handlers.c.o) (SystemInit)
../processor_cores/mkrzerov2.a(wiring.c.o)
                              ../processor_cores/mkrzerov2.a(main.cpp.o) (init)
../processor_cores/mkrzerov2.a(wiring_analog.c.o)
                              ../processor_cores/mkrzerov2.a(wiring.c.o) (analogReference)
../processor_cores/mkrzerov2.a(wiring_digital.c.o)
                              build/samd21/solenoid.o (pinMode)
../processor_cores/mkrzerov2.a(wiring_private.c.o)
                              ../processor_cores/mkrzerov2.a(Uart.cpp.o) (pinPeripheral)
../processor_cores/mkrzerov2.a(Reset.cpp.o)
                              ../processor_cores/mkrzerov2.a(CDC.cpp.o) (initiateReset)
/home/knas/.arduino15/packages/arduino/tools/arm-none-eabi-gcc/7-2017q4/bin/../lib/gcc/arm-none-eabi/7.2.1/../../../../arm-none-eabi/lib/thumb/v6-m/libstdc++_nano.a(atexit_arm.o)
                              build/samd21/solenoid.o (__aeabi_atexit)
/home/knas/.arduino15/packages/arduino/tools/arm-none-eabi-gcc/7-2017q4/bin/../lib/gcc/arm-none-eabi/7.2.1/../../../../arm-none-eabi/lib/thumb/v6-m/libstdc++_nano.a(string-inst.o)
                              build/samd21/solenoid.o (std::__cxx11::basic_string<char, std::char_traits<char>, std::allocator<char> >::_M_dispose())
/home/knas/.arduino15/packages/arduino/tools/arm-none-eabi-gcc/7-2017q4/bin/../lib/gcc/arm-none-eabi/7.2.1/../../../../arm-none-eabi/lib/thumb/v6-m/libstdc++_nano.a(functexcept.o)
                              ../farcore/build/samd21//commanditem.o (std::__throw_bad_alloc())
/home/knas/.arduino15/packages/arduino/tools/arm-none-eabi-gcc/7-2017q4/bin/../lib/gcc/arm-none-eabi/7.2.1/../../../../arm-none-eabi/lib/thumb/v6-m/libstdc++_nano.a(snprintf_lite.o)
                              /home/knas/.arduino15/packages/arduino/tools/arm-none-eabi-gcc/7-2017q4/bin/../lib/gcc/arm-none-eabi/7.2.1/../../../../arm-none-eabi/lib/thumb/v6-m/libstdc++_nano.a(functexcept.o) (__gnu_cxx::__snprintf_lite(char*, unsigned int, char const*, std::__va_list))
/home/knas/.arduino15/packages/arduino/tools/arm-none-eabi-gcc/7-2017q4/bin/../lib/gcc/arm-none-eabi/7.2.1/thumb/v6-m/libgcc.a(_thumb1_case_uqi.o)
                              ../farcore/build/samd21//basemodule.o (__gnu_thumb1_case_uqi)
/home/knas/.arduino15/packages/arduino/tools/arm-none-eabi-gcc/7-2017q4/bin/../lib/gcc/arm-none-eabi/7.2.1/thumb/v6-m/libgcc.a(_udivsi3.o)
                              ../processor_cores/mkrzerov2.a(SERCOM.cpp.o) (__aeabi_uidiv)
/home/knas/.arduino15/packages/arduino/tools/arm-none-eabi-gcc/7-2017q4/bin/../lib/gcc/arm-none-eabi/7.2.1/thumb/v6-m/libgcc.a(_divsi3.o)
                              ../farcore/build/samd21/solenoid.o (__aeabi_idiv)
[...]
Memory Configuration

Name             Origin             Length             Attributes
FLASH            0x0000000000002000 0x000000000003e000 xr
RAM              0x0000000020000000 0x0000000000008000 xrw
*default*        0x0000000000000000 0xffffffffffffffff

Linker script and memory map

LOAD /home/knas/.arduino15/packages/arduino/tools/arm-none-eabi-gcc/7-2017q4/bin/../lib/gcc/arm-none-eabi/7.2.1/thumb/v6-m/crti.o
LOAD /home/knas/.arduino15/packages/arduino/tools/arm-none-eabi-gcc/7-2017q4/bin/../lib/gcc/arm-none-eabi/7.2.1/thumb/v6-m/crtbegin.o
LOAD /home/knas/.arduino15/packages/arduino/tools/arm-none-eabi-gcc/7-2017q4/bin/../lib/gcc/arm-none-eabi/7.2.1/../../../../arm-none-eabi/lib/thumb/v6-m/crt0.o
LOAD build/samd21/solenoid.o
LOAD build/samd21/mkrzero.o
LOAD build/samd21/BufferedInput.o
LOAD build/samd21/BufferedOutput.o
LOAD ../farcore/build/samd21//commanditem.o
LOAD ../farcore/build/samd21//commandparser.o
LOAD ../farcore/build/samd21//modulesystembasics.o
LOAD ../farcore/build/samd21//module.o
LOAD ../farcore/build/samd21//basemodule.o
LOAD build/samd21/SafeString.o
LOAD build/samd21/SafeStringReader.o
LOAD build/samd21/SafeStringStream.o
LOAD ../farcore/build/samd21/solenoid.o
START GROUP
LOAD /home/knas/.arduino15/packages/arduino/tools/CMSIS/4.5.0/CMSIS/Lib/GCC//libarm_cortexM0l_math.a
LOAD ../processor_cores/mkrzerov2.a
END GROUP
LOAD /home/knas/.arduino15/packages/arduino/tools/arm-none-eabi-gcc/7-2017q4/bin/../lib/gcc/arm-none-eabi/7.2.1/../../../../arm-none-eabi/lib/thumb/v6-m/libstdc++_nano.a
LOAD /home/knas/.arduino15/packages/arduino/tools/arm-none-eabi-gcc/7-2017q4/bin/../lib/gcc/arm-none-eabi/7.2.1/../../../../arm-none-eabi/lib/thumb/v6-m/libm.a
START GROUP
LOAD /home/knas/.arduino15/packages/arduino/tools/arm-none-eabi-gcc/7-2017q4/bin/../lib/gcc/arm-none-eabi/7.2.1/thumb/v6-m/libgcc.a
LOAD /home/knas/.arduino15/packages/arduino/tools/arm-none-eabi-gcc/7-2017q4/bin/../lib/gcc/arm-none-eabi/7.2.1/../../../../arm-none-eabi/lib/thumb/v6-m/libc_nano.a
END GROUP
START GROUP
LOAD /home/knas/.arduino15/packages/arduino/tools/arm-none-eabi-gcc/7-2017q4/bin/../lib/gcc/arm-none-eabi/7.2.1/thumb/v6-m/libgcc.a
LOAD /home/knas/.arduino15/packages/arduino/tools/arm-none-eabi-gcc/7-2017q4/bin/../lib/gcc/arm-none-eabi/7.2.1/../../../../arm-none-eabi/lib/thumb/v6-m/libc_nano.a
LOAD /home/knas/.arduino15/packages/arduino/tools/arm-none-eabi-gcc/7-2017q4/bin/../lib/gcc/arm-none-eabi/7.2.1/../../../../arm-none-eabi/lib/thumb/v6-m/libnosys.a
END GROUP
START GROUP
LOAD /home/knas/.arduino15/packages/arduino/tools/arm-none-eabi-gcc/7-2017q4/bin/../lib/gcc/arm-none-eabi/7.2.1/thumb/v6-m/libgcc.a
LOAD /home/knas/.arduino15/packages/arduino/tools/arm-none-eabi-gcc/7-2017q4/bin/../lib/gcc/arm-none-eabi/7.2.1/../../../../arm-none-eabi/lib/thumb/v6-m/libc_nano.a
LOAD /home/knas/.arduino15/packages/arduino/tools/arm-none-eabi-gcc/7-2017q4/bin/../lib/gcc/arm-none-eabi/7.2.1/../../../../arm-none-eabi/lib/thumb/v6-m/libnosys.a
END GROUP
LOAD /home/knas/.arduino15/packages/arduino/tools/arm-none-eabi-gcc/7-2017q4/bin/../lib/gcc/arm-none-eabi/7.2.1/thumb/v6-m/crtend.o
LOAD /home/knas/.arduino15/packages/arduino/tools/arm-none-eabi-gcc/7-2017q4/bin/../lib/gcc/arm-none-eabi/7.2.1/thumb/v6-m/crtn.o

.text           0x0000000000002000     0xa390
                0x0000000000002000                __text_start__ = .
 *(.sketch_boot)
                0x0000000000002000                . = ALIGN (0x2000)
 *(.isr_vector)
 .isr_vector    0x0000000000002000       0xb4 ../processor_cores/mkrzerov2.a(cortex_handlers.c.o)
                0x0000000000002000                exception_table
 *(.text*)
 .text          0x00000000000020b4       0x48 /home/knas/.arduino15/packages/arduino/tools/arm-none-eabi-gcc/7-2017q4/bin/../lib/gcc/arm-none-eabi/7.2.1/thumb/v6-m/crtbegin.o
 .text._ZN9tModuleIDD2Ev
                0x00000000000020fc        0xe build/samd21/solenoid.o
                0x00000000000020fc                tModuleID::~tModuleID()
                0x00000000000020fc                tModuleID::~tModuleID()
 *fill*         0x000000000000210a        0x2 
 .text.__tcf_1  0x000000000000210c       0x20 build/samd21/solenoid.o
 .text.__tcf_0  0x000000000000212c       0x20 build/samd21/solenoid.o
 .text._ZNSt6vectorI15commandResponseSaIS0_EED2Ev
                0x000000000000214c       0x24 build/samd21/solenoid.o
                0x000000000000214c                std::vector<commandResponse, std::allocator<commandResponse> >::~vector()
                0x000000000000214c                std::vector<commandResponse, std::allocator<commandResponse> >::~vector()
 .text._Z12debugPrintlnN7arduino6StringE14debugPrintType
                0x0000000000002170       0x58 build/samd21/solenoid.o
                0x0000000000002170                debugPrintln(arduino::String, debugPrintType)
 .text._Z12debugPrintlnN7arduino6StringE14debugPrintTypeP14BufferedOutput
                0x00000000000021c8       0x54 build/samd21/solenoid.o
                0x00000000000021c8                debugPrintln(arduino::String, debugPrintType, BufferedOutput*)
 .text._Z17delimitExpressionN7arduino6StringEb
                0x000000000000221c       0xe8 build/samd21/solenoid.o
                0x000000000000221c                delimitExpression(arduino::String, bool)
 .text._Z11stripQuotesN7arduino6StringE
                0x0000000000002304       0xa0 build/samd21/solenoid.o
                0x0000000000002304                stripQuotes(arduino::String)
 .text._ZN11CommandItemD2Ev
                0x00000000000023a4       0x54 build/samd21/solenoid.o
                0x00000000000023a4                CommandItem::~CommandItem()
                0x00000000000023a4                CommandItem::~CommandItem()
 .text.loop     0x00000000000023f8      0x120 build/samd21/solenoid.o
                0x00000000000023f8                loop
 .text.startup._GLOBAL__sub_I_ssReader_INPUT_BUFFER
                0x0000000000002518      0x2f8 build/samd21/solenoid.o
 .text.setup    0x0000000000002810       0xac build/samd21/solenoid.o
                0x0000000000002810                setup
 .text.SERCOM5_Handler
                0x00000000000028bc       0x10 build/samd21/mkrzero.o
                0x00000000000028bc                SERCOM5_Handler
 .text.startup._GLOBAL__sub_I_g_APinDescription
                0x00000000000028cc       0x80 build/samd21/mkrzero.o
 .text._ZN14BufferedOutput31internalStreamAvailableForWriteEv
                0x000000000000294c       0x22 build/samd21/BufferedOutput.o
                0x000000000000294c                BufferedOutput::internalStreamAvailableForWrite()
 .text._ZN14BufferedOutput25internalAvailableForWriteEv
                0x000000000000296e       0x26 build/samd21/BufferedOutput.o
                0x000000000000296e                BufferedOutput::internalAvailableForWrite()
 .text._ZN14BufferedOutput13bytesToBeSentEv
                0x0000000000002994       0x26 build/samd21/BufferedOutput.o
                0x0000000000002994                BufferedOutput::bytesToBeSent()
 *fill*         0x00000000000029ba        0x2 
 .text._ZN14BufferedOutput7rb_initEPhj
                0x00000000000029bc       0x30 build/samd21/BufferedOutput.o
                0x00000000000029bc                BufferedOutput::rb_init(unsigned char*, unsigned int)
 .text._ZN14BufferedOutputC2EjPh18BufferedOutputModeb
                0x00000000000029ec       0x68 build/samd21/BufferedOutput.o
                0x00000000000029ec                BufferedOutput::BufferedOutput(unsigned int, unsigned char*, BufferedOutputMode, bool)
                0x00000000000029ec                BufferedOutput::BufferedOutput(unsigned int, unsigned char*, BufferedOutputMode, bool)
 .text._ZN14BufferedOutput16rb_wrapBufferIdxEt
                0x0000000000002a54       0x12 build/samd21/BufferedOutput.o
                0x0000000000002a54                BufferedOutput::rb_wrapBufferIdx(unsigned short)
 .text._ZN14BufferedOutput7rb_readEv
                0x0000000000002a66       0x2a build/samd21/BufferedOutput.o
                0x0000000000002a66                BufferedOutput::rb_read()
 .text._ZN14BufferedOutput11nextByteOutEv
                0x0000000000002a90      0x114 build/samd21/BufferedOutput.o
                0x0000000000002a90                BufferedOutput::nextByteOut()
 .text._ZN14BufferedOutput17availableForWriteEv
                0x0000000000002ba4       0x24 build/samd21/BufferedOutput.o
                0x0000000000002ba4                BufferedOutput::availableForWrite()
 .text._ZN14BufferedOutput9availableEv
                0x0000000000002bc8       0x1c build/samd21/BufferedOutput.o
                0x0000000000002bc8                BufferedOutput::available()
 .text._ZN14BufferedOutput4readEv
                0x0000000000002be4       0x1e build/samd21/BufferedOutput.o
                0x0000000000002be4                BufferedOutput::read()
 .text._ZN14BufferedOutput4peekEv
                0x0000000000002c02       0x1e build/samd21/BufferedOutput.o
                0x0000000000002c02                BufferedOutput::peek()
 .text._ZN14BufferedOutput5flushEv
                0x0000000000002c20       0x1e build/samd21/BufferedOutput.o
                0x0000000000002c20                BufferedOutput::flush()
 .text._ZN14BufferedOutput16rb_internalWriteEh
                0x0000000000002c3e       0x20 build/samd21/BufferedOutput.o
                0x0000000000002c3e                BufferedOutput::rb_internalWrite(unsigned char)
 .text._ZN14BufferedOutput8rb_writeEPKhj
                0x0000000000002c5e       0x2c build/samd21/BufferedOutput.o
                0x0000000000002c5e                BufferedOutput::rb_write(unsigned char const*, unsigned int)
 *fill*         0x0000000000002c8a        0x2 
 .text._ZN14BufferedOutput13writeDropMarkEv
                0x0000000000002c8c       0x34 build/samd21/BufferedOutput.o
                0x0000000000002c8c                BufferedOutput::writeDropMark()
 .text._ZN14BufferedOutput5clearEv
                0x0000000000002cc0       0x30 build/samd21/BufferedOutput.o
                0x0000000000002cc0                BufferedOutput::clear()
 .text._ZN14BufferedOutput7connectERN7arduino14HardwareSerialE
                0x0000000000002cf0       0x80 build/samd21/BufferedOutput.o
                0x0000000000002cf0                BufferedOutput::connect(arduino::HardwareSerial&)
 .text._ZN14BufferedOutput8rb_writeEh
                0x0000000000002d70       0x1c build/samd21/BufferedOutput.o
                0x0000000000002d70                BufferedOutput::rb_write(unsigned char)
 .text._ZN14BufferedOutput5writeEPKhj
                0x0000000000002d8c      0x156 build/samd21/BufferedOutput.o
                0x0000000000002d8c                BufferedOutput::write(unsigned char const*, unsigned int)
 .text._ZN14BufferedOutput5writeEh
                0x0000000000002ee2       0xdc build/samd21/BufferedOutput.o
                0x0000000000002ee2                BufferedOutput::write(unsigned char)
 .text._ZNSt12_Vector_baseIhSaIhEE13_M_deallocateEPhj.isra.22
                0x0000000000002fbe        0xc ../farcore/build/samd21//commanditem.o
 *fill*         0x0000000000002fca        0x2 
 .text._ZNSt6vectorIN7arduino6StringESaIS1_EE17_M_realloc_insertIJRKS1_EEEvN9__gnu_cxx17__normal_iteratorIPS1_S3_EEDpOT_
                0x0000000000002fcc      0x104 ../farcore/build/samd21//commanditem.o
                0x0000000000002fcc                void std::vector<arduino::String, std::allocator<arduino::String> >::_M_realloc_insert<arduino::String const&>(__gnu_cxx::__normal_iterator<arduino::String*, std::vector<arduino::String, std::allocator<arduino::String> > >, arduino::String const&)
 .text._ZNSt12_Destroy_auxILb0EE9__destroyIP15CommandItemPartEEvT_S4_
                0x00000000000030d0       0x1c ../farcore/build/samd21//commanditem.o
                0x00000000000030d0                void std::_Destroy_aux<false>::__destroy<CommandItemPart*>(CommandItemPart*, CommandItemPart*)
 .text._ZN15CommandItemPartC2EOS_
                0x00000000000030ec       0x2c ../farcore/build/samd21//commanditem.o
                0x00000000000030ec                CommandItemPart::CommandItemPart(CommandItemPart&&)
                0x00000000000030ec                CommandItemPart::CommandItemPart(CommandItemPart&&)
 .text._ZNSt11__copy_moveILb0ELb1ESt26random_access_iterator_tagE8__copy_mIhEEPT_PKS3_S6_S4_
                0x0000000000003118       0x16 ../farcore/build/samd21//commanditem.o
                0x0000000000003118                unsigned char* std::__copy_move<false, true, std::random_access_iterator_tag>::__copy_m<unsigned char>(unsigned char const*, unsigned char const*, unsigned char*)
 .text._ZNSt6vectorIhSaIhEEC2ERKS1_
                0x000000000000312e       0x36 ../farcore/build/samd21//commanditem.o
                0x000000000000312e                std::vector<unsigned char, std::allocator<unsigned char> >::vector(std::vector<unsigned char, std::allocator<unsigned char> > const&)
                0x000000000000312e                std::vector<unsigned char, std::allocator<unsigned char> >::vector(std::vector<unsigned char, std::allocator<unsigned char> > const&)
 .text._ZN15CommandItemPartC2ERKS_
                0x0000000000003164       0x1a ../farcore/build/samd21//commanditem.o
                0x0000000000003164                CommandItemPart::CommandItemPart(CommandItemPart const&)
                0x0000000000003164                CommandItemPart::CommandItemPart(CommandItemPart const&)
 *fill*         0x000000000000317e        0x2 
 .text._ZNSt6vectorI15CommandItemPartSaIS0_EE17_M_realloc_insertIJS0_EEEvN9__gnu_cxx17__normal_iteratorIPS0_S2_EEDpOT_
                0x0000000000003180       0xfc ../farcore/build/samd21//commanditem.o
                0x0000000000003180                void std::vector<CommandItemPart, std::allocator<CommandItemPart> >::_M_realloc_insert<CommandItemPart>(__gnu_cxx::__normal_iterator<CommandItemPart*, std::vector<CommandItemPart, std::allocator<CommandItemPart> > >, CommandItemPart&&)
 .text._ZNSt6vectorIhSaIhEE12emplace_backIJhEEEvDpOT_
                0x000000000000327c       0x88 ../farcore/build/samd21//commanditem.o
                0x000000000000327c                void std::vector<unsigned char, std::allocator<unsigned char> >::emplace_back<unsigned char>(unsigned char&&)
 .text._ZN11CommandItem14buildHierarchyEN7arduino6StringE
                0x0000000000003304      0x1fc ../farcore/build/samd21//commanditem.o
                0x0000000000003304                CommandItem::buildHierarchy(arduino::String)
 .text._ZN11CommandItemC2EPN7arduino6StringE
                0x0000000000003500      0x158 ../farcore/build/samd21//commanditem.o
                0x0000000000003500                CommandItem::CommandItem(arduino::String*)
                0x0000000000003500                CommandItem::CommandItem(arduino::String*)
 .text._ZNSt6vectorI15commandResponseSaIS0_EE17_M_realloc_insertIJS0_EEEvN9__gnu_cxx17__normal_iteratorIPS0_S2_EEDpOT_
                0x0000000000003658       0xe4 ../farcore/build/samd21//commandparser.o
                0x0000000000003658                void std::vector<commandResponse, std::allocator<commandResponse> >::_M_realloc_insert<commandResponse>(__gnu_cxx::__normal_iterator<commandResponse*, std::vector<commandResponse, std::allocator<commandResponse> > >, commandResponse&&)
 .text._ZNSt6vectorI15commandResponseSaIS0_EE12emplace_backIJS0_EEEvDpOT_
                0x000000000000373c       0x2e ../farcore/build/samd21//commandparser.o
                0x000000000000373c                void std::vector<commandResponse, std::allocator<commandResponse> >::emplace_back<commandResponse>(commandResponse&&)
 *fill*         0x000000000000376a        0x2 
 .text._Z14checkArgumentsP11CommandItemPSt6vectorI15commandResponseSaIS2_EEhb
                0x000000000000376c       0xa4 ../farcore/build/samd21//commandparser.o
                0x000000000000376c                checkArguments(CommandItem*, std::vector<commandResponse, std::allocator<commandResponse> >*, unsigned char, bool)
 .text._Z17checkArgumentsMinP11CommandItemPSt6vectorI15commandResponseSaIS2_EEhb
                0x0000000000003810       0x4c ../farcore/build/samd21//commandparser.o
                0x0000000000003810                checkArgumentsMin(CommandItem*, std::vector<commandResponse, std::allocator<commandResponse> >*, unsigned char, bool)
 .text.__tcf_1  0x000000000000385c       0x20 ../farcore/build/samd21//modulesystembasics.o
 .text.__tcf_0  0x000000000000387c       0x20 ../farcore/build/samd21//modulesystembasics.o
 .text.startup._GLOBAL__sub_I_commandTypeDescription
                0x000000000000389c      0x1c4 ../farcore/build/samd21//modulesystembasics.o
 .text._ZL6s_dumpP13ModuleCommandP11CommandItemPSt6vectorI15commandResponseSaIS4_EEb24ModuleCommandDeclaration
                0x0000000000003a60        0xe ../farcore/build/samd21//module.o
 *fill*         0x0000000000003a6e        0x2 
 .text._ZN6Module6updateEv
                0x0000000000003a70       0x20 ../farcore/build/samd21//module.o
                0x0000000000003a70                Module::update()
 .text._ZN6Module21getModuleCommandCountEv
                0x0000000000003a90       0x24 ../farcore/build/samd21//module.o
                0x0000000000003a90                Module::getModuleCommandCount()
 .text._ZL6s_helpP13ModuleCommandP11CommandItemPSt6vectorI15commandResponseSaIS4_EEb24ModuleCommandDeclaration
                0x0000000000003ab4       0x44 ../farcore/build/samd21//module.o
 .text._ZL5s_dirP13ModuleCommandP11CommandItemPSt6vectorI15commandResponseSaIS4_EEb24ModuleCommandDeclaration
                0x0000000000003af8      0x194 ../farcore/build/samd21//module.o
 .text._ZN6Module15processCommandsEP11CommandItemPSt6vectorI15commandResponseSaIS3_EEb
                0x0000000000003c8c       0x26 ../farcore/build/samd21//module.o
                0x0000000000003c8c                Module::processCommands(CommandItem*, std::vector<commandResponse, std::allocator<commandResponse> >*, bool)
 .text._ZN24ModuleCommandDeclarationC2ERKS_
                0x0000000000003cb2       0x58 ../farcore/build/samd21//module.o
                0x0000000000003cb2                ModuleCommandDeclaration::ModuleCommandDeclaration(ModuleCommandDeclaration const&)
                0x0000000000003cb2                ModuleCommandDeclaration::ModuleCommandDeclaration(ModuleCommandDeclaration const&)
 *fill*         0x0000000000003d0a        0x2 
 .text._ZN6Module17getBuiltinCommandEh.isra.4
                0x0000000000003d0c       0x1c ../farcore/build/samd21//module.o
 .text._ZN24ModuleCommandDeclarationD2Ev
                0x0000000000003d28       0x24 ../farcore/build/samd21//module.o
                0x0000000000003d28                ModuleCommandDeclaration::~ModuleCommandDeclaration()
                0x0000000000003d28                ModuleCommandDeclaration::~ModuleCommandDeclaration()
 .text.__tcf_0  0x0000000000003d4c       0x24 ../farcore/build/samd21//module.o
 .text._ZN6Module22processBuiltInCommandsEP11CommandItemPSt6vectorI15commandResponseSaIS3_EEb
                0x0000000000003d70      0x104 ../farcore/build/samd21//module.o
                0x0000000000003d70                Module::processBuiltInCommands(CommandItem*, std::vector<commandResponse, std::allocator<commandResponse> >*, bool)
 .text._ZN6Module21processModuleCommandsEP11CommandItemPSt6vectorI15commandResponseSaIS3_EEb
                0x0000000000003e74      0x128 ../farcore/build/samd21//module.o
                0x0000000000003e74                Module::processModuleCommands(CommandItem*, std::vector<commandResponse, std::allocator<commandResponse> >*, bool)
 .text._ZN6ModuleC2Ev
                0x0000000000003f9c       0x18 ../farcore/build/samd21//module.o
                0x0000000000003f9c                Module::Module()
                0x0000000000003f9c                Module::Module()
 .text._ZN6Module8dumpDataEPSt6vectorI15commandResponseSaIS1_EE
                0x0000000000003fb4       0x56 ../farcore/build/samd21//module.o
                0x0000000000003fb4                Module::dumpData(std::vector<commandResponse, std::allocator<commandResponse> >*)
 *fill*         0x000000000000400a        0x2 
 .text._ZN6Module3dirEPSt6vectorI15commandResponseSaIS1_EEN7arduino6StringES6_bbbbbb
                0x000000000000400c      0x1c4 ../farcore/build/samd21//module.o
                0x000000000000400c                Module::dir(std::vector<commandResponse, std::allocator<commandResponse> >*, arduino::String, arduino::String, bool, bool, bool, bool, bool, bool)
 .text._ZN6Module4helpEPSt6vectorI15commandResponseSaIS1_EEN7arduino6StringES6_
                0x00000000000041d0      0x240 ../farcore/build/samd21//module.o
                0x00000000000041d0                Module::help(std::vector<commandResponse, std::allocator<commandResponse> >*, arduino::String, arduino::String)
 .text.startup._GLOBAL__sub_I__ZN6Module15builtinCommandsE
                0x0000000000004410      0x10c ../farcore/build/samd21//module.o
 .text._ZN10BaseModule11getModuleIDEv
                0x000000000000451c        0x4 ../farcore/build/samd21//basemodule.o
                0x000000000000451c                BaseModule::getModuleID()
 .text._ZNK10BaseModule11getModuleIDEv
                0x0000000000004520        0x4 ../farcore/build/samd21//basemodule.o
                0x0000000000004520                BaseModule::getModuleID() const
 .text._ZN10BaseModule17loadAllParametersEv
                0x0000000000004524        0x2 ../farcore/build/samd21//basemodule.o
                0x0000000000004524                BaseModule::loadAllParameters()
 .text._ZN10BaseModule18resetAllParametersEv
                0x0000000000004526        0x2 ../farcore/build/samd21//basemodule.o
                0x0000000000004526                BaseModule::resetAllParameters()
 .text._ZN10BaseModule21getModuleCommandCountEv
                0x0000000000004528        0x4 ../farcore/build/samd21//basemodule.o
                0x0000000000004528                BaseModule::getModuleCommandCount()
 .text._ZN10BaseModule6updateEv
                0x000000000000452c       0x10 ../farcore/build/samd21//basemodule.o
                0x000000000000452c                BaseModule::update()
 .text._ZN10BaseModule4nickEb
                0x000000000000453c        0x4 ../farcore/build/samd21//basemodule.o
                0x000000000000453c                BaseModule::nick(bool)
 .text._ZN10BaseModule7versionEv
                0x0000000000004540        0x8 ../farcore/build/samd21//basemodule.o
                0x0000000000004540                BaseModule::version()
 .text._ZN10BaseModule17saveAllParametersEv
                0x0000000000004548       0x14 ../farcore/build/samd21//basemodule.o
                0x0000000000004548                BaseModule::saveAllParameters()
 .text._ZN10BaseModule5resetEv
                0x000000000000455c       0x20 ../farcore/build/samd21//basemodule.o
                0x000000000000455c                BaseModule::reset()
 .text._ZN10BaseModule10bootLoaderEv
                0x000000000000457c       0x20 ../farcore/build/samd21//basemodule.o
                0x000000000000457c                BaseModule::bootLoader()
 .text._ZNK10BaseModule16getModuleCommandEh
                0x000000000000459c       0x48 ../farcore/build/samd21//basemodule.o
                0x000000000000459c                BaseModule::getModuleCommand(unsigned char) const
 .text.__tcf_0  0x00000000000045e4       0x20 ../farcore/build/samd21//basemodule.o
 .text._ZN10BaseModuleC2EP6Module
                0x0000000000004604       0x88 ../farcore/build/samd21//basemodule.o
                0x0000000000004604                BaseModule::BaseModule(Module*)
                0x0000000000004604                BaseModule::BaseModule(Module*)
 .text._ZN10BaseModule5resetEP11CommandItemPSt6vectorI15commandResponseSaIS3_EEb24ModuleCommandDeclaration
                0x000000000000468c       0x38 ../farcore/build/samd21//basemodule.o
                0x000000000000468c                BaseModule::reset(CommandItem*, std::vector<commandResponse, std::allocator<commandResponse> >*, bool, ModuleCommandDeclaration)
 .text._ZN10BaseModule7s_resetEP13ModuleCommandP11CommandItemPSt6vectorI15commandResponseSaIS5_EEb24ModuleCommandDeclaration
                0x00000000000046c4       0x32 ../farcore/build/samd21//basemodule.o
                0x00000000000046c4                BaseModule::s_reset(ModuleCommand*, CommandItem*, std::vector<commandResponse, std::allocator<commandResponse> >*, bool, ModuleCommandDeclaration)
 *fill*         0x00000000000046f6        0x2 
 .text._ZN10BaseModule11requestInfoEP11CommandItemPSt6vectorI15commandResponseSaIS3_EEb24ModuleCommandDeclaration
                0x00000000000046f8       0x98 ../farcore/build/samd21//basemodule.o
                0x00000000000046f8                BaseModule::requestInfo(CommandItem*, std::vector<commandResponse, std::allocator<commandResponse> >*, bool, ModuleCommandDeclaration)
 .text._ZN10BaseModule13s_requestInfoEP13ModuleCommandP11CommandItemPSt6vectorI15commandResponseSaIS5_EEb24ModuleCommandDeclaration
                0x0000000000004790       0x32 ../farcore/build/samd21//basemodule.o
                0x0000000000004790                BaseModule::s_requestInfo(ModuleCommand*, CommandItem*, std::vector<commandResponse, std::allocator<commandResponse> >*, bool, ModuleCommandDeclaration)
 *fill*         0x00000000000047c2        0x2 
 .text._ZN10BaseModule10debugPrintEP11CommandItemPSt6vectorI15commandResponseSaIS3_EEb24ModuleCommandDeclaration
                0x00000000000047c4       0xb8 ../farcore/build/samd21//basemodule.o
                0x00000000000047c4                BaseModule::debugPrint(CommandItem*, std::vector<commandResponse, std::allocator<commandResponse> >*, bool, ModuleCommandDeclaration)
 .text._ZN10BaseModule12s_debugPrintEP13ModuleCommandP11CommandItemPSt6vectorI15commandResponseSaIS5_EEb24ModuleCommandDeclaration
                0x000000000000487c       0x32 ../farcore/build/samd21//basemodule.o
                0x000000000000487c                BaseModule::s_debugPrint(ModuleCommand*, CommandItem*, std::vector<commandResponse, std::allocator<commandResponse> >*, bool, ModuleCommandDeclaration)
 *fill*         0x00000000000048ae        0x2 
 .text._ZN10BaseModule7versionEP11CommandItemPSt6vectorI15commandResponseSaIS3_EEb24ModuleCommandDeclaration
                0x00000000000048b0      0x178 ../farcore/build/samd21//basemodule.o
                0x00000000000048b0                BaseModule::version(CommandItem*, std::vector<commandResponse, std::allocator<commandResponse> >*, bool, ModuleCommandDeclaration)
 .text._ZN10BaseModule9s_versionEP13ModuleCommandP11CommandItemPSt6vectorI15commandResponseSaIS5_EEb24ModuleCommandDeclaration
                0x0000000000004a28       0x32 ../farcore/build/samd21//basemodule.o
                0x0000000000004a28                BaseModule::s_version(ModuleCommand*, CommandItem*, std::vector<commandResponse, std::allocator<commandResponse> >*, bool, ModuleCommandDeclaration)
 *fill*         0x0000000000004a5a        0x2 
 .text._ZN10BaseModule17saveAllParametersEP11CommandItemPSt6vectorI15commandResponseSaIS3_EEb24ModuleCommandDeclaration
                0x0000000000004a5c       0x90 ../farcore/build/samd21//basemodule.o
                0x0000000000004a5c                BaseModule::saveAllParameters(CommandItem*, std::vector<commandResponse, std::allocator<commandResponse> >*, bool, ModuleCommandDeclaration)
 .text._ZN10BaseModule19s_saveAllParametersEP13ModuleCommandP11CommandItemPSt6vectorI15commandResponseSaIS5_EEb24ModuleCommandDeclaration
                0x0000000000004aec       0x32 ../farcore/build/samd21//basemodule.o
                0x0000000000004aec                BaseModule::s_saveAllParameters(ModuleCommand*, CommandItem*, std::vector<commandResponse, std::allocator<commandResponse> >*, bool, ModuleCommandDeclaration)
 *fill*         0x0000000000004b1e        0x2 
 .text._ZN10BaseModule17loadAllParametersEP11CommandItemPSt6vectorI15commandResponseSaIS3_EEb24ModuleCommandDeclaration
                0x0000000000004b20       0x4c ../farcore/build/samd21//basemodule.o
                0x0000000000004b20                BaseModule::loadAllParameters(CommandItem*, std::vector<commandResponse, std::allocator<commandResponse> >*, bool, ModuleCommandDeclaration)
 .text._ZN10BaseModule19s_loadAllParametersEP13ModuleCommandP11CommandItemPSt6vectorI15commandResponseSaIS5_EEb24ModuleCommandDeclaration
                0x0000000000004b6c       0x32 ../farcore/build/samd21//basemodule.o
                0x0000000000004b6c                BaseModule::s_loadAllParameters(ModuleCommand*, CommandItem*, std::vector<commandResponse, std::allocator<commandResponse> >*, bool, ModuleCommandDeclaration)
 *fill*         0x0000000000004b9e        0x2 
 .text._ZN10BaseModule18resetAllParametersEP11CommandItemPSt6vectorI15commandResponseSaIS3_EEb24ModuleCommandDeclaration
                0x0000000000004ba0       0x4c ../farcore/build/samd21//basemodule.o
                0x0000000000004ba0                BaseModule::resetAllParameters(CommandItem*, std::vector<commandResponse, std::allocator<commandResponse> >*, bool, ModuleCommandDeclaration)
 .text._ZN10BaseModule20s_resetAllParametersEP13ModuleCommandP11CommandItemPSt6vectorI15commandResponseSaIS5_EEb24ModuleCommandDeclaration
                0x0000000000004bec       0x32 ../farcore/build/samd21//basemodule.o
                0x0000000000004bec                BaseModule::s_resetAllParameters(ModuleCommand*, CommandItem*, std::vector<commandResponse, std::allocator<commandResponse> >*, bool, ModuleCommandDeclaration)
 *fill*         0x0000000000004c1e        0x2 
 .text._ZN10BaseModule4nickEP11CommandItemPSt6vectorI15commandResponseSaIS3_EEb24ModuleCommandDeclaration
                0x0000000000004c20       0xb0 ../farcore/build/samd21//basemodule.o
                0x0000000000004c20                BaseModule::nick(CommandItem*, std::vector<commandResponse, std::allocator<commandResponse> >*, bool, ModuleCommandDeclaration)
 .text._ZN10BaseModule6s_nickEP13ModuleCommandP11CommandItemPSt6vectorI15commandResponseSaIS5_EEb24ModuleCommandDeclaration
                0x0000000000004cd0       0x32 ../farcore/build/samd21//basemodule.o
                0x0000000000004cd0                BaseModule::s_nick(ModuleCommand*, CommandItem*, std::vector<commandResponse, std::allocator<commandResponse> >*, bool, ModuleCommandDeclaration)
 *fill*         0x0000000000004d02        0x2 
 .text._ZN10BaseModule11noOperationEP11CommandItemPSt6vectorI15commandResponseSaIS3_EEb24ModuleCommandDeclaration
                0x0000000000004d04       0x44 ../farcore/build/samd21//basemodule.o
                0x0000000000004d04                BaseModule::noOperation(CommandItem*, std::vector<commandResponse, std::allocator<commandResponse> >*, bool, ModuleCommandDeclaration)
 .text._ZN10BaseModule13s_noOperationEP13ModuleCommandP11CommandItemPSt6vectorI15commandResponseSaIS5_EEb24ModuleCommandDeclaration
                0x0000000000004d48       0x32 ../farcore/build/samd21//basemodule.o
                0x0000000000004d48                BaseModule::s_noOperation(ModuleCommand*, CommandItem*, std::vector<commandResponse, std::allocator<commandResponse> >*, bool, ModuleCommandDeclaration)
 *fill*         0x0000000000004d7a        0x2 
 .text.startup._GLOBAL__sub_I__ZN10BaseModule14moduleCommandsE
                0x0000000000004d7c      0x358 ../farcore/build/samd21//basemodule.o
 .text._ZN10BaseModule11processSelfEP11CommandItemPSt6vectorI15commandResponseSaIS3_EEb14eProcessResult
                0x00000000000050d4      0x120 ../farcore/build/samd21//basemodule.o
                0x00000000000050d4                BaseModule::processSelf(CommandItem*, std::vector<commandResponse, std::allocator<commandResponse> >*, bool, eProcessResult)
 .text._ZN10BaseModule15processCommandsEP11CommandItemPSt6vectorI15commandResponseSaIS3_EEb
                0x00000000000051f4        0xc ../farcore/build/samd21//basemodule.o
                0x00000000000051f4                BaseModule::processCommands(CommandItem*, std::vector<commandResponse, std::allocator<commandResponse> >*, bool)
 .text._ZN10BaseModule3dirEPSt6vectorI15commandResponseSaIS1_EEN7arduino6StringES6_bbbbbb
                0x0000000000005200       0xba ../farcore/build/samd21//basemodule.o
                0x0000000000005200                BaseModule::dir(std::vector<commandResponse, std::allocator<commandResponse> >*, arduino::String, arduino::String, bool, bool, bool, bool, bool, bool)
 .text._ZN10BaseModule8dumpDataEPSt6vectorI15commandResponseSaIS1_EE
                0x00000000000052ba       0x1a ../farcore/build/samd21//basemodule.o
                0x00000000000052ba                BaseModule::dumpData(std::vector<commandResponse, std::allocator<commandResponse> >*)
 .text._ZN10BaseModule4helpEPSt6vectorI15commandResponseSaIS1_EEN7arduino6StringES6_
                0x00000000000052d4       0x6c ../farcore/build/samd21//basemodule.o
                0x00000000000052d4                BaseModule::help(std::vector<commandResponse, std::allocator<commandResponse> >*, arduino::String, arduino::String)
 .text._ZN7arduino5Print17availableForWriteEv
                0x0000000000005340        0x4 build/samd21/SafeString.o
                0x0000000000005340                arduino::Print::availableForWrite()
 .text._ZN7arduino5Print5flushEv
                0x0000000000005344        0x2 build/samd21/SafeString.o
                0x0000000000005344                arduino::Print::flush()
 .text._ZN7arduino10SafeString12noDebugPrint5writeEh
                0x0000000000005346        0x4 build/samd21/SafeString.o
                0x0000000000005346                arduino::SafeString::noDebugPrint::write(unsigned char)
 .text._ZN7arduino10SafeString12noDebugPrint5writeEPKhj
                0x000000000000534a        0x4 build/samd21/SafeString.o
                0x000000000000534a                arduino::SafeString::noDebugPrint::write(unsigned char const*, unsigned int)
 .text._ZN7arduino10SafeString12noDebugPrint5flushEv
                0x000000000000534e        0x2 build/samd21/SafeString.o
                0x000000000000534e                arduino::SafeString::noDebugPrint::flush()
 .text._ZN7arduino10SafeString10DebugPrint5writeEh
                0x0000000000005350       0x14 build/samd21/SafeString.o
                0x0000000000005350                arduino::SafeString::DebugPrint::write(unsigned char)
 .text._ZN7arduino10SafeString10DebugPrint5writeEPKhj
                0x0000000000005364       0x14 build/samd21/SafeString.o
                0x0000000000005364                arduino::SafeString::DebugPrint::write(unsigned char const*, unsigned int)
 .text._ZN7arduino10SafeString10DebugPrint5flushEv
                0x0000000000005378       0x14 build/samd21/SafeString.o
                0x0000000000005378                arduino::SafeString::DebugPrint::flush()
 .text._ZN7arduino10SafeString8setErrorEv
                0x000000000000538c       0x10 build/samd21/SafeString.o
                0x000000000000538c                arduino::SafeString::setError()
 .text._ZN7arduino10SafeString13limitedStrLenEPKcj
                0x000000000000539c       0x10 build/samd21/SafeString.o
                0x000000000000539c                arduino::SafeString::limitedStrLen(char const*, unsigned int)
 .text._ZN7arduino10SafeString5clearEv
                0x00000000000053ac        0xa build/samd21/SafeString.o
                0x00000000000053ac                arduino::SafeString::clear()
 .text._ZN7arduino10SafeString16getLastReadCountEv
                0x00000000000053b6        0x4 build/samd21/SafeString.o
                0x00000000000053b6                arduino::SafeString::getLastReadCount()
 *fill*         0x00000000000053ba        0x2 
 .text._ZNK7arduino10SafeString16debugInternalMsgEb
                0x00000000000053bc       0x98 build/samd21/SafeString.o
                0x00000000000053bc                arduino::SafeString::debugInternalMsg(bool) const
 .text._ZN7arduino10SafeString7cleanUpEv
                0x0000000000005454       0x60 build/samd21/SafeString.o
                0x0000000000005454                arduino::SafeString::cleanUp()
 .text._ZN7arduino10SafeString7isEmptyEv
                0x00000000000054b4       0x12 build/samd21/SafeString.o
                0x00000000000054b4                arduino::SafeString::isEmpty()
 .text._ZN7arduino10SafeString6isFullEv
                0x00000000000054c6       0x1c build/samd21/SafeString.o
                0x00000000000054c6                arduino::SafeString::isFull()
 .text._ZN7arduino10SafeString17availableForWriteEv
                0x00000000000054e2       0x16 build/samd21/SafeString.o
                0x00000000000054e2                arduino::SafeString::availableForWrite()
 .text._ZThn4_N7arduino10SafeString17availableForWriteEv
                0x00000000000054f8       0x10 build/samd21/SafeString.o
                0x00000000000054f8                non-virtual thunk to arduino::SafeString::availableForWrite()
 .text._ZNK7arduino10SafeString7printToERNS_5PrintE
                0x0000000000005508       0x14 build/samd21/SafeString.o
                0x0000000000005508                arduino::SafeString::printTo(arduino::Print&) const
 .text._ZN7arduino10SafeString5c_strEv
                0x000000000000551c       0x10 build/samd21/SafeString.o
                0x000000000000551c                arduino::SafeString::c_str()
 .text._ZNK7arduino10SafeString10outputNameEv
                0x000000000000552c       0x34 build/samd21/SafeString.o
                0x000000000000552c                arduino::SafeString::outputName() const
 .text._ZN7arduino10SafeStringC2EjPcPKcS3_bb
                0x0000000000005560      0x330 build/samd21/SafeString.o
                0x0000000000005560                arduino::SafeString::SafeString(unsigned int, char*, char const*, char const*, bool, bool)
                0x0000000000005560                arduino::SafeString::SafeString(unsigned int, char*, char const*, char const*, bool, bool)
 .text._ZNK7arduino10SafeString11assignErrorEjPKcPKNS_19__FlashStringHelperEcb
                0x0000000000005890       0xd8 build/samd21/SafeString.o
                0x0000000000005890                arduino::SafeString::assignError(unsigned int, char const*, arduino::__FlashStringHelper const*, char, bool) const
 .text._ZNK7arduino10SafeString11errorMethodEPKNS_19__FlashStringHelperE
                0x0000000000005968       0x44 build/samd21/SafeString.o
                0x0000000000005968                arduino::SafeString::errorMethod(arduino::__FlashStringHelper const*) const
 .text._ZN7arduino10SafeString6removeEjj
                0x00000000000059ac      0x12c build/samd21/SafeString.o
                0x00000000000059ac                arduino::SafeString::remove(unsigned int, unsigned int)
 .text._ZNK7arduino10SafeString8capErrorEPKNS_19__FlashStringHelperEjPKcS3_cj
                0x0000000000005ad8      0x12c build/samd21/SafeString.o
                0x0000000000005ad8                arduino::SafeString::capError(arduino::__FlashStringHelper const*, unsigned int, char const*, arduino::__FlashStringHelper const*, char, unsigned int) const
 .text._ZNK7arduino10SafeString13warningMethodEPKNS_19__FlashStringHelperE
                0x0000000000005c04       0x44 build/samd21/SafeString.o
                0x0000000000005c04                arduino::SafeString::warningMethod(arduino::__FlashStringHelper const*) const
 .text._ZN7arduino10SafeString9substringERS0_jj
                0x0000000000005c48      0x188 build/samd21/SafeString.o
                0x0000000000005c48                arduino::SafeString::substring(arduino::SafeString&, unsigned int, unsigned int)
 .text._ZN7arduino10SafeString17nextTokenInternalERS0_PKccbb
                0x0000000000005dd0      0x128 build/samd21/SafeString.o
                0x0000000000005dd0                arduino::SafeString::nextTokenInternal(arduino::SafeString&, char const*, char, bool, bool)
 .text._ZNK7arduino10SafeString26outputFromIndexIfFullDebugEj
                0x0000000000005ef8       0x44 build/samd21/SafeString.o
                0x0000000000005ef8                arduino::SafeString::outputFromIndexIfFullDebug(unsigned int) const
 .text._ZN7arduino10SafeString10startsWithEPKcj
                0x0000000000005f3c      0x124 build/samd21/SafeString.o
                0x0000000000005f3c                arduino::SafeString::startsWith(char const*, unsigned int)
 .text._ZN7arduino10SafeString9nextTokenERS0_PKcbbb
                0x0000000000006060       0xd8 build/samd21/SafeString.o
                0x0000000000006060                arduino::SafeString::nextToken(arduino::SafeString&, char const*, bool, bool, bool)
 .text._ZNK7arduino10SafeString9concatErrEv
                0x0000000000006138       0x10 build/samd21/SafeString.o
                0x0000000000006138                arduino::SafeString::concatErr() const
 .text._ZNK7arduino10SafeString17assignErrorMethodEv
                0x0000000000006148       0x30 build/samd21/SafeString.o
                0x0000000000006148                arduino::SafeString::assignErrorMethod() const
 .text._ZN7arduino10SafeString14concatInternalEPKcjb
                0x0000000000006178      0x174 build/samd21/SafeString.o
                0x0000000000006178                arduino::SafeString::concatInternal(char const*, unsigned int, bool)
 .text._ZN7arduino10SafeString6concatEPKcj
                0x00000000000062ec        0xa build/samd21/SafeString.o
                0x00000000000062ec                arduino::SafeString::concat(char const*, unsigned int)
 *fill*         0x00000000000062f6        0x2 
 .text._ZN7arduino10SafeString5writeEPKhj
                0x00000000000062f8      0x118 build/samd21/SafeString.o
                0x00000000000062f8                arduino::SafeString::write(unsigned char const*, unsigned int)
 .text._ZThn4_N7arduino10SafeString5writeEPKhj
                0x0000000000006410       0x10 build/samd21/SafeString.o
                0x0000000000006410                non-virtual thunk to arduino::SafeString::write(unsigned char const*, unsigned int)
 .text._ZN7arduino10SafeString14concatInternalEcb
                0x0000000000006420       0xac build/samd21/SafeString.o
                0x0000000000006420                arduino::SafeString::concatInternal(char, bool)
 .text._ZN7arduino10SafeString6concatEc
                0x00000000000064cc        0xa build/samd21/SafeString.o
                0x00000000000064cc                arduino::SafeString::concat(char)
 *fill*         0x00000000000064d6        0x2 
 .text._ZN7arduino10SafeString5writeEh
                0x00000000000064d8       0x88 build/samd21/SafeString.o
                0x00000000000064d8                arduino::SafeString::write(unsigned char)
 .text._ZThn4_N7arduino10SafeString5writeEh
                0x0000000000006560       0x10 build/samd21/SafeString.o
                0x0000000000006560                non-virtual thunk to arduino::SafeString::write(unsigned char)
 .text._ZN7arduino10SafeString22readUntilTokenInternalERNS_6StreamERS0_PKccRbhm
                0x0000000000006570      0x29c build/samd21/SafeString.o
                0x0000000000006570                arduino::SafeString::readUntilTokenInternal(arduino::Stream&, arduino::SafeString&, char const*, char, bool&, unsigned char, unsigned long)
 .text._ZN7arduino10SafeString14readUntilTokenERNS_6StreamERS0_PKcRbhm
                0x000000000000680c       0x94 build/samd21/SafeString.o
                0x000000000000680c                arduino::SafeString::readUntilToken(arduino::Stream&, arduino::SafeString&, char const*, bool&, unsigned char, unsigned long)
 .text.startup._GLOBAL__sub_I__ZN7arduino10SafeString26nullBufferSafeStringBufferE
                0x00000000000068a0       0x24 build/samd21/SafeString.o
 .text._ZN16SafeStringReader3endEv
                0x00000000000068c4       0x34 build/samd21/SafeStringReader.o
                0x00000000000068c4                SafeStringReader::end()
 .text._ZN16SafeStringReader4initERN7arduino10SafeStringEPKcbhm
                0x00000000000068f8       0x38 build/samd21/SafeStringReader.o
                0x00000000000068f8                SafeStringReader::init(arduino::SafeString&, char const*, bool, unsigned char, unsigned long)
 .text._ZN16SafeStringReaderC2ERN7arduino10SafeStringEjPcPKcS5_bhm
                0x0000000000006930       0x54 build/samd21/SafeStringReader.o
                0x0000000000006930                SafeStringReader::SafeStringReader(arduino::SafeString&, unsigned int, char*, char const*, char const*, bool, unsigned char, unsigned long)
                0x0000000000006930                SafeStringReader::SafeStringReader(arduino::SafeString&, unsigned int, char*, char const*, char const*, bool, unsigned char, unsigned long)
 .text._ZN16SafeStringReader4readEv
                0x0000000000006984      0x10c build/samd21/SafeStringReader.o
                0x0000000000006984                SafeStringReader::read()
 .text._ZN16SafeStringReader10flushInputEv
                0x0000000000006a90       0x60 build/samd21/SafeStringReader.o
                0x0000000000006a90                SafeStringReader::flushInput()
 .text._ZN16SafeStringReader7connectERN7arduino6StreamE
                0x0000000000006af0       0x18 build/samd21/SafeStringReader.o
                0x0000000000006af0                SafeStringReader::connect(arduino::Stream&)
 .text._ZNK8Solenoid11getModuleIDEv
                0x0000000000006b08        0x4 ../farcore/build/samd21/solenoid.o
                0x0000000000006b08                Solenoid::getModuleID() const
 .text._ZN8Solenoid11getModuleIDEv
                0x0000000000006b0c        0x4 ../farcore/build/samd21/solenoid.o
                0x0000000000006b0c                Solenoid::getModuleID()
 .text._ZN8Solenoid21getModuleCommandCountEv
                0x0000000000006b10        0x4 ../farcore/build/samd21/solenoid.o
                0x0000000000006b10                Solenoid::getModuleCommandCount()
 .text._ZN8Solenoid14solenoidEngageEi.part.6
                0x0000000000006b14       0x98 ../farcore/build/samd21/solenoid.o
 .text._ZNK8Solenoid16getModuleCommandEh
                0x0000000000006bac       0x48 ../farcore/build/samd21/solenoid.o
                0x0000000000006bac                Solenoid::getModuleCommand(unsigned char) const
 .text.__tcf_0  0x0000000000006bf4       0x20 ../farcore/build/samd21/solenoid.o
 .text._ZN8SolenoidC2Ec
                0x0000000000006c14       0x78 ../farcore/build/samd21/solenoid.o
                0x0000000000006c14                Solenoid::Solenoid(char)
                0x0000000000006c14                Solenoid::Solenoid(char)
 .text._ZN8Solenoid14solenoidEngageEi
                0x0000000000006c8c        0xc ../farcore/build/samd21/solenoid.o
                0x0000000000006c8c                Solenoid::solenoidEngage(int)
 .text._ZN8Solenoid17solenoidDisengageEv
                0x0000000000006c98       0x18 ../farcore/build/samd21/solenoid.o
                0x0000000000006c98                Solenoid::solenoidDisengage()
 .text._ZN8Solenoid6updateEv
                0x0000000000006cb0       0x28 ../farcore/build/samd21/solenoid.o
                0x0000000000006cb0                Solenoid::update()
 .text._ZN8Solenoid6engageEP11CommandItemPSt6vectorI15commandResponseSaIS3_EEb24ModuleCommandDeclaration
                0x0000000000006cd8       0x8c ../farcore/build/samd21/solenoid.o
                0x0000000000006cd8                Solenoid::engage(CommandItem*, std::vector<commandResponse, std::allocator<commandResponse> >*, bool, ModuleCommandDeclaration)
 .text._ZN8Solenoid8s_engageEP13ModuleCommandP11CommandItemPSt6vectorI15commandResponseSaIS5_EEb24ModuleCommandDeclaration
                0x0000000000006d64       0x32 ../farcore/build/samd21/solenoid.o
                0x0000000000006d64                Solenoid::s_engage(ModuleCommand*, CommandItem*, std::vector<commandResponse, std::allocator<commandResponse> >*, bool, ModuleCommandDeclaration)
 *fill*         0x0000000000006d96        0x2 
 .text._ZN8Solenoid9disengageEP11CommandItemPSt6vectorI15commandResponseSaIS3_EEb24ModuleCommandDeclaration
                0x0000000000006d98       0x6c ../farcore/build/samd21/solenoid.o
                0x0000000000006d98                Solenoid::disengage(CommandItem*, std::vector<commandResponse, std::allocator<commandResponse> >*, bool, ModuleCommandDeclaration)
 .text._ZN8Solenoid11s_disengageEP13ModuleCommandP11CommandItemPSt6vectorI15commandResponseSaIS5_EEb24ModuleCommandDeclaration
                0x0000000000006e04       0x32 ../farcore/build/samd21/solenoid.o
                0x0000000000006e04                Solenoid::s_disengage(ModuleCommand*, CommandItem*, std::vector<commandResponse, std::allocator<commandResponse> >*, bool, ModuleCommandDeclaration)
 *fill*         0x0000000000006e36        0x2 
 .text._ZN8Solenoid8maxForceEP11CommandItemPSt6vectorI15commandResponseSaIS3_EEb24ModuleCommandDeclaration
                0x0000000000006e38       0x84 ../farcore/build/samd21/solenoid.o
                0x0000000000006e38                Solenoid::maxForce(CommandItem*, std::vector<commandResponse, std::allocator<commandResponse> >*, bool, ModuleCommandDeclaration)
 .text._ZN8Solenoid10s_maxForceEP13ModuleCommandP11CommandItemPSt6vectorI15commandResponseSaIS5_EEb24ModuleCommandDeclaration
                0x0000000000006ebc       0x32 ../farcore/build/samd21/solenoid.o
                0x0000000000006ebc                Solenoid::s_maxForce(ModuleCommand*, CommandItem*, std::vector<commandResponse, std::allocator<commandResponse> >*, bool, ModuleCommandDeclaration)
 *fill*         0x0000000000006eee        0x2 
 .text._ZN8Solenoid8minForceEP11CommandItemPSt6vectorI15commandResponseSaIS3_EEb24ModuleCommandDeclaration
                0x0000000000006ef0       0x84 ../farcore/build/samd21/solenoid.o
                0x0000000000006ef0                Solenoid::minForce(CommandItem*, std::vector<commandResponse, std::allocator<commandResponse> >*, bool, ModuleCommandDeclaration)
 .text._ZN8Solenoid10s_minForceEP13ModuleCommandP11CommandItemPSt6vectorI15commandResponseSaIS5_EEb24ModuleCommandDeclaration
                0x0000000000006f74       0x32 ../farcore/build/samd21/solenoid.o
                0x0000000000006f74                Solenoid::s_minForce(ModuleCommand*, CommandItem*, std::vector<commandResponse, std::allocator<commandResponse> >*, bool, ModuleCommandDeclaration)
 *fill*         0x0000000000006fa6        0x2 
 .text._ZN8Solenoid15forceMultiplierEP11CommandItemPSt6vectorI15commandResponseSaIS3_EEb24ModuleCommandDeclaration
                0x0000000000006fa8       0x84 ../farcore/build/samd21/solenoid.o
                0x0000000000006fa8                Solenoid::forceMultiplier(CommandItem*, std::vector<commandResponse, std::allocator<commandResponse> >*, bool, ModuleCommandDeclaration)
 .text._ZN8Solenoid17s_forceMultiplierEP13ModuleCommandP11CommandItemPSt6vectorI15commandResponseSaIS5_EEb24ModuleCommandDeclaration
                0x000000000000702c       0x32 ../farcore/build/samd21/solenoid.o
                0x000000000000702c                Solenoid::s_forceMultiplier(ModuleCommand*, CommandItem*, std::vector<commandResponse, std::allocator<commandResponse> >*, bool, ModuleCommandDeclaration)
 *fill*         0x000000000000705e        0x2 
 .text._ZN8Solenoid14engageDurationEP11CommandItemPSt6vectorI15commandResponseSaIS3_EEb24ModuleCommandDeclaration
                0x0000000000007060       0x90 ../farcore/build/samd21/solenoid.o
                0x0000000000007060                Solenoid::engageDuration(CommandItem*, std::vector<commandResponse, std::allocator<commandResponse> >*, bool, ModuleCommandDeclaration)
 .text._ZN8Solenoid16s_engageDurationEP13ModuleCommandP11CommandItemPSt6vectorI15commandResponseSaIS5_EEb24ModuleCommandDeclaration
                0x00000000000070f0       0x32 ../farcore/build/samd21/solenoid.o
                0x00000000000070f0                Solenoid::s_engageDuration(ModuleCommand*, CommandItem*, std::vector<commandResponse, std::allocator<commandResponse> >*, bool, ModuleCommandDeclaration)
 *fill*         0x0000000000007122        0x2 
 .text.startup._GLOBAL__sub_I__ZN8Solenoid14moduleCommandsE
                0x0000000000007124      0x248 ../farcore/build/samd21/solenoid.o
 .text._ZN6SERCOMC2EP6Sercom
                0x000000000000736c        0x8 ../processor_cores/mkrzerov2.a(SERCOM.cpp.o)
                0x000000000000736c                SERCOM::SERCOM(Sercom*)
                0x000000000000736c                SERCOM::SERCOM(Sercom*)
 .text._ZN6SERCOM9initFrameE18SercomUartCharSize15SercomDataOrder16SercomParityMode19SercomNumberStopBit
                0x0000000000007374       0x3a ../processor_cores/mkrzerov2.a(SERCOM.cpp.o)
                0x0000000000007374                SERCOM::initFrame(SercomUartCharSize, SercomDataOrder, SercomParityMode, SercomNumberStopBit)
 .text._ZN6SERCOM8initPadsE15SercomUartTXPad11SercomRXPad
                0x00000000000073ae       0x26 ../processor_cores/mkrzerov2.a(SERCOM.cpp.o)
                0x00000000000073ae                SERCOM::initPads(SercomUartTXPad, SercomRXPad)
 .text._ZN6SERCOM9resetUARTEv
                0x00000000000073d4       0x1a ../processor_cores/mkrzerov2.a(SERCOM.cpp.o)
                0x00000000000073d4                SERCOM::resetUART()
 .text._ZN6SERCOM10enableUARTEv
                0x00000000000073ee       0x14 ../processor_cores/mkrzerov2.a(SERCOM.cpp.o)
                0x00000000000073ee                SERCOM::enableUART()
 .text._ZN6SERCOM9flushUARTEv
                0x0000000000007402       0x14 ../processor_cores/mkrzerov2.a(SERCOM.cpp.o)
                0x0000000000007402                SERCOM::flushUART()
 .text._ZN6SERCOM15clearStatusUARTEv
                0x0000000000007416        0x8 ../processor_cores/mkrzerov2.a(SERCOM.cpp.o)
                0x0000000000007416                SERCOM::clearStatusUART()
 .text._ZN6SERCOM17availableDataUARTEv
                0x000000000000741e        0xa ../processor_cores/mkrzerov2.a(SERCOM.cpp.o)
                0x000000000000741e                SERCOM::availableDataUART()
 .text._ZN6SERCOM11isUARTErrorEv
                0x0000000000007428        0x8 ../processor_cores/mkrzerov2.a(SERCOM.cpp.o)
                0x0000000000007428                SERCOM::isUARTError()
 .text._ZN6SERCOM20acknowledgeUARTErrorEv
                0x0000000000007430        0xe ../processor_cores/mkrzerov2.a(SERCOM.cpp.o)
                0x0000000000007430                SERCOM::acknowledgeUARTError()
 .text._ZN6SERCOM16isFrameErrorUARTEv
                0x000000000000743e        0xa ../processor_cores/mkrzerov2.a(SERCOM.cpp.o)
                0x000000000000743e                SERCOM::isFrameErrorUART()
 .text._ZN6SERCOM19clearFrameErrorUARTEv
                0x0000000000007448        0xc ../processor_cores/mkrzerov2.a(SERCOM.cpp.o)
                0x0000000000007448                SERCOM::clearFrameErrorUART()
 .text._ZN6SERCOM23isDataRegisterEmptyUARTEv
                0x0000000000007454        0xa ../processor_cores/mkrzerov2.a(SERCOM.cpp.o)
                0x0000000000007454                SERCOM::isDataRegisterEmptyUART()
 .text._ZN6SERCOM12readDataUARTEv
                0x000000000000745e        0x8 ../processor_cores/mkrzerov2.a(SERCOM.cpp.o)
                0x000000000000745e                SERCOM::readDataUART()
 .text._ZN6SERCOM13writeDataUARTEh
                0x0000000000007466       0x14 ../processor_cores/mkrzerov2.a(SERCOM.cpp.o)
                0x0000000000007466                SERCOM::writeDataUART(unsigned char)
 .text._ZN6SERCOM36enableDataRegisterEmptyInterruptUARTEv
                0x000000000000747a        0x8 ../processor_cores/mkrzerov2.a(SERCOM.cpp.o)
                0x000000000000747a                SERCOM::enableDataRegisterEmptyInterruptUART()
 .text._ZN6SERCOM37disableDataRegisterEmptyInterruptUARTEv
                0x0000000000007482        0x8 ../processor_cores/mkrzerov2.a(SERCOM.cpp.o)
                0x0000000000007482                SERCOM::disableDataRegisterEmptyInterruptUART()
 *fill*         0x000000000000748a        0x2 
 .text._ZN6SERCOM13initClockNVICEv
                0x000000000000748c       0xa8 ../processor_cores/mkrzerov2.a(SERCOM.cpp.o)
                0x000000000000748c                SERCOM::initClockNVIC()
 .text._ZN6SERCOM8initUARTE14SercomUartMode20SercomUartSampleRatem
                0x0000000000007534       0x6c ../processor_cores/mkrzerov2.a(SERCOM.cpp.o)
                0x0000000000007534                SERCOM::initUART(SercomUartMode, SercomUartSampleRate, unsigned long)
 .text._ZN7Serial_13getDescriptorERN7arduino8USBSetupE
                0x00000000000075a0        0x4 ../processor_cores/mkrzerov2.a(CDC.cpp.o)
                0x00000000000075a0                Serial_::getDescriptor(arduino::USBSetup&)
 .text._ZL5utox8mPc
                0x00000000000075a4       0x24 ../processor_cores/mkrzerov2.a(CDC.cpp.o)
 .text._ZN7Serial_12getShortNameEPc
                0x00000000000075c8       0x44 ../processor_cores/mkrzerov2.a(CDC.cpp.o)
                0x00000000000075c8                Serial_::getShortName(char*)
 .text._ZThn16_N7Serial_12getShortNameEPc
                0x000000000000760c       0x10 ../processor_cores/mkrzerov2.a(CDC.cpp.o)
                0x000000000000760c                non-virtual thunk to Serial_::getShortName(char*)
 .text._ZN7Serial_5beginEm
                0x000000000000761c        0x2 ../processor_cores/mkrzerov2.a(CDC.cpp.o)
                0x000000000000761c                Serial_::begin(unsigned long)
 .text._ZN7Serial_5beginEmt
                0x000000000000761e        0x2 ../processor_cores/mkrzerov2.a(CDC.cpp.o)
                0x000000000000761e                Serial_::begin(unsigned long, unsigned short)
 .text._ZN7Serial_17availableForWriteEv
                0x0000000000007620        0x4 ../processor_cores/mkrzerov2.a(CDC.cpp.o)
                0x0000000000007620                Serial_::availableForWrite()
 .text._ZN7Serial_5writeEh
                0x0000000000007624       0x14 ../processor_cores/mkrzerov2.a(CDC.cpp.o)
                0x0000000000007624                Serial_::write(unsigned char)
 .text._ZN7Serial_12getInterfaceEPh
                0x0000000000007638      0x11c ../processor_cores/mkrzerov2.a(CDC.cpp.o)
                0x0000000000007638                Serial_::getInterface(unsigned char*)
 .text._ZThn16_N7Serial_12getInterfaceEPh
                0x0000000000007754       0x10 ../processor_cores/mkrzerov2.a(CDC.cpp.o)
                0x0000000000007754                non-virtual thunk to Serial_::getInterface(unsigned char*)
 .text._ZN7Serial_5setupERN7arduino8USBSetupE
                0x0000000000007764       0x9c ../processor_cores/mkrzerov2.a(CDC.cpp.o)
                0x0000000000007764                Serial_::setup(arduino::USBSetup&)
 .text._ZThn16_N7Serial_5setupERN7arduino8USBSetupE
                0x0000000000007800       0x10 ../processor_cores/mkrzerov2.a(CDC.cpp.o)
                0x0000000000007800                non-virtual thunk to Serial_::setup(arduino::USBSetup&)
 .text._ZN7Serial_3endEv
                0x0000000000007810        0xe ../processor_cores/mkrzerov2.a(CDC.cpp.o)
                0x0000000000007810                Serial_::end()
 *fill*         0x000000000000781e        0x2 
 .text._ZN7Serial_9availableEv
                0x0000000000007820       0x20 ../processor_cores/mkrzerov2.a(CDC.cpp.o)
                0x0000000000007820                Serial_::available()
 .text._ZN7Serial_5flushEv
                0x0000000000007840        0xe ../processor_cores/mkrzerov2.a(CDC.cpp.o)
                0x0000000000007840                Serial_::flush()
 .text._ZN7Serial_5clearEv
                0x000000000000784e        0xe ../processor_cores/mkrzerov2.a(CDC.cpp.o)
                0x000000000000784e                Serial_::clear()
 .text._ZN7Serial_5writeEPKhj
                0x000000000000785c       0x1e ../processor_cores/mkrzerov2.a(CDC.cpp.o)
                0x000000000000785c                Serial_::write(unsigned char const*, unsigned int)
 *fill*         0x000000000000787a        0x2 
 .text._ZN7Serial_4peekEv
                0x000000000000787c       0x1c ../processor_cores/mkrzerov2.a(CDC.cpp.o)
                0x000000000000787c                Serial_::peek()
 .text._ZN7Serial_4readEv
                0x0000000000007898       0x24 ../processor_cores/mkrzerov2.a(CDC.cpp.o)
                0x0000000000007898                Serial_::read()
 .text._ZN7Serial_cvbEv
                0x00000000000078bc       0x26 ../processor_cores/mkrzerov2.a(CDC.cpp.o)
                0x00000000000078bc                Serial_::operator bool()
 .text._ZThn16_N7Serial_13getDescriptorERN7arduino8USBSetupE
                0x00000000000078e2        0x4 ../processor_cores/mkrzerov2.a(CDC.cpp.o)
                0x00000000000078e2                non-virtual thunk to Serial_::getDescriptor(arduino::USBSetup&)
 .text.resetExternalChip
                0x00000000000078e6        0x2 ../processor_cores/mkrzerov2.a(CDC.cpp.o)
                0x00000000000078e6                resetExternalChip
 .text._ZN7Serial_14handleEndpointEi
                0x00000000000078e8        0x2 ../processor_cores/mkrzerov2.a(CDC.cpp.o)
                0x00000000000078e8                Serial_::handleEndpoint(int)
 *fill*         0x00000000000078ea        0x2 
 .text._ZN7Serial_C2ER14USBDeviceClass
                0x00000000000078ec       0x5c ../processor_cores/mkrzerov2.a(CDC.cpp.o)
                0x00000000000078ec                Serial_::Serial_(USBDeviceClass&)
                0x00000000000078ec                Serial_::Serial_(USBDeviceClass&)
 .text._ZN7Serial_15enableInterruptEv
                0x0000000000007948       0x30 ../processor_cores/mkrzerov2.a(CDC.cpp.o)
                0x0000000000007948                Serial_::enableInterrupt()
 .text.startup._GLOBAL__sub_I__ZN7Serial_12getInterfaceEPh
                0x0000000000007978       0x14 ../processor_cores/mkrzerov2.a(CDC.cpp.o)
 .text._ZN26DoubleBufferedEPOutHandlerD2Ev
                0x000000000000798c        0x2 ../processor_cores/mkrzerov2.a(USBCore.cpp.o)
                0x000000000000798c                DoubleBufferedEPOutHandler::~DoubleBufferedEPOutHandler()
                0x000000000000798c                DoubleBufferedEPOutHandler::~DoubleBufferedEPOutHandler()
 .text._ZN26DoubleBufferedEPOutHandlerD0Ev
                0x000000000000798e        0xc ../processor_cores/mkrzerov2.a(USBCore.cpp.o)
                0x000000000000798e                DoubleBufferedEPOutHandler::~DoubleBufferedEPOutHandler()
 *fill*         0x000000000000799a        0x2 
 .text._ZN14USBDeviceClass6initEPEmm.part.7
                0x000000000000799c       0xc4 ../processor_cores/mkrzerov2.a(USBCore.cpp.o)
 .text._ZN7__GuardC2Ev
                0x0000000000007a60        0xe ../processor_cores/mkrzerov2.a(USBCore.cpp.o)
                0x0000000000007a60                __Guard::__Guard()
                0x0000000000007a60                __Guard::__Guard()
 .text._ZN7__GuardD2Ev
                0x0000000000007a6e        0xe ../processor_cores/mkrzerov2.a(USBCore.cpp.o)
                0x0000000000007a6e                __Guard::~__Guard()
                0x0000000000007a6e                __Guard::~__Guard()
 .text._ZNK26DoubleBufferedEPOutHandler10_availableEv
                0x0000000000007a7c       0x70 ../processor_cores/mkrzerov2.a(USBCore.cpp.o)
                0x0000000000007a7c                DoubleBufferedEPOutHandler::_available() const
 .text._ZN26DoubleBufferedEPOutHandler7releaseEv
                0x0000000000007aec       0x38 ../processor_cores/mkrzerov2.a(USBCore.cpp.o)
                0x0000000000007aec                DoubleBufferedEPOutHandler::release()
 .text._ZN26DoubleBufferedEPOutHandler14handleEndpointEv
                0x0000000000007b24       0xe2 ../processor_cores/mkrzerov2.a(USBCore.cpp.o)
                0x0000000000007b24                DoubleBufferedEPOutHandler::handleEndpoint()
 .text._ZN14USBDeviceClass14SendInterfacesEPm
                0x0000000000007c06       0x20 ../processor_cores/mkrzerov2.a(USBCore.cpp.o)
                0x0000000000007c06                USBDeviceClass::SendInterfaces(unsigned long*)
 *fill*         0x0000000000007c26        0x2 
 .text._ZN14USBDeviceClass6attachEv
                0x0000000000007c28       0x34 ../processor_cores/mkrzerov2.a(USBCore.cpp.o)
                0x0000000000007c28                USBDeviceClass::attach()
 .text._ZN14USBDeviceClass10setAddressEm
                0x0000000000007c5c       0x48 ../processor_cores/mkrzerov2.a(USBCore.cpp.o)
                0x0000000000007c5c                USBDeviceClass::setAddress(unsigned long)
 .text._ZN14USBDeviceClass25handleClassInterfaceSetupERN7arduino8USBSetupE
                0x0000000000007ca4       0x24 ../processor_cores/mkrzerov2.a(USBCore.cpp.o)
                0x0000000000007ca4                USBDeviceClass::handleClassInterfaceSetup(arduino::USBSetup&)
 .text._ZN14USBDeviceClass6initEPEmm
                0x0000000000007cc8      0x10c ../processor_cores/mkrzerov2.a(USBCore.cpp.o)
                0x0000000000007cc8                USBDeviceClass::initEP(unsigned long, unsigned long)
 .text._ZN14USBDeviceClass13initEndpointsEv
                0x0000000000007dd4       0x24 ../processor_cores/mkrzerov2.a(USBCore.cpp.o)
                0x0000000000007dd4                USBDeviceClass::initEndpoints()
 .text._ZN14USBDeviceClass5clearEm
                0x0000000000007df8       0x38 ../processor_cores/mkrzerov2.a(USBCore.cpp.o)
                0x0000000000007df8                USBDeviceClass::clear(unsigned long)
 .text._ZN14USBDeviceClass9availableEm
                0x0000000000007e30       0x2c ../processor_cores/mkrzerov2.a(USBCore.cpp.o)
                0x0000000000007e30                USBDeviceClass::available(unsigned long)
 .text._ZN14USBDeviceClass5flushEm
                0x0000000000007e5c       0x2c ../processor_cores/mkrzerov2.a(USBCore.cpp.o)
                0x0000000000007e5c                USBDeviceClass::flush(unsigned long)
 .text._ZN14USBDeviceClass4recvEmPvm
                0x0000000000007e88       0xc0 ../processor_cores/mkrzerov2.a(USBCore.cpp.o)
                0x0000000000007e88                USBDeviceClass::recv(unsigned long, void*, unsigned long)
 .text._ZN14USBDeviceClass4recvEm
                0x0000000000007f48       0x1c ../processor_cores/mkrzerov2.a(USBCore.cpp.o)
                0x0000000000007f48                USBDeviceClass::recv(unsigned long)
 .text._ZN14USBDeviceClass14armRecvCtrlOUTEm
                0x0000000000007f64       0x5c ../processor_cores/mkrzerov2.a(USBCore.cpp.o)
                0x0000000000007f64                USBDeviceClass::armRecvCtrlOUT(unsigned long)
 .text._ZN14USBDeviceClass11recvControlEPvm
                0x0000000000007fc0       0x28 ../processor_cores/mkrzerov2.a(USBCore.cpp.o)
                0x0000000000007fc0                USBDeviceClass::recvControl(void*, unsigned long)
 .text._ZN14USBDeviceClass4sendEmPKvm
                0x0000000000007fe8      0x10c ../processor_cores/mkrzerov2.a(USBCore.cpp.o)
                0x0000000000007fe8                USBDeviceClass::send(unsigned long, void const*, unsigned long)
 .text._ZN14USBDeviceClass7armSendEmPKvm
                0x00000000000080f4       0x48 ../processor_cores/mkrzerov2.a(USBCore.cpp.o)
                0x00000000000080f4                USBDeviceClass::armSend(unsigned long, void const*, unsigned long)
 .text._ZN14USBDeviceClass11sendControlEPKvm
                0x000000000000813c       0x54 ../processor_cores/mkrzerov2.a(USBCore.cpp.o)
                0x000000000000813c                USBDeviceClass::sendControl(void const*, unsigned long)
 .text._ZN14USBDeviceClass20sendStringDescriptorEPKhm
                0x0000000000008190       0x64 ../processor_cores/mkrzerov2.a(USBCore.cpp.o)
                0x0000000000008190                USBDeviceClass::sendStringDescriptor(unsigned char const*, unsigned long)
 .text._ZN14USBDeviceClass17sendConfigurationEm
                0x00000000000081f4       0x80 ../processor_cores/mkrzerov2.a(USBCore.cpp.o)
                0x00000000000081f4                USBDeviceClass::sendConfiguration(unsigned long)
 .text._ZN14USBDeviceClass14sendDescriptorERN7arduino8USBSetupE
                0x0000000000008274       0xd8 ../processor_cores/mkrzerov2.a(USBCore.cpp.o)
                0x0000000000008274                USBDeviceClass::sendDescriptor(arduino::USBSetup&)
 .text._ZN14USBDeviceClass7sendZlpEm
                0x000000000000834c       0x18 ../processor_cores/mkrzerov2.a(USBCore.cpp.o)
                0x000000000000834c                USBDeviceClass::sendZlp(unsigned long)
 .text._ZN14USBDeviceClass19handleStandardSetupERN7arduino8USBSetupE
                0x0000000000008364       0xf0 ../processor_cores/mkrzerov2.a(USBCore.cpp.o)
                0x0000000000008364                USBDeviceClass::handleStandardSetup(arduino::USBSetup&)
 .text._ZN14USBDeviceClass10ISRHandlerEv
                0x0000000000008454      0x108 ../processor_cores/mkrzerov2.a(USBCore.cpp.o)
                0x0000000000008454                USBDeviceClass::ISRHandler()
 .text.UDD_Handler
                0x000000000000855c       0x10 ../processor_cores/mkrzerov2.a(USBCore.cpp.o)
                0x000000000000855c                UDD_Handler
 .text._ZN7arduino13PluggableUSB_C2Ev
                0x000000000000856c       0x10 ../processor_cores/mkrzerov2.a(USBCore.cpp.o)
                0x000000000000856c                arduino::PluggableUSB_::PluggableUSB_()
                0x000000000000856c                arduino::PluggableUSB_::PluggableUSB_()
 .text._Z8epBufferj
                0x000000000000857c        0xc ../processor_cores/mkrzerov2.a(USBCore.cpp.o)
                0x000000000000857c                epBuffer(unsigned int)
 .text._ZN7arduino11RingBufferNILi64EE10store_charEh
                0x0000000000008588       0x1c ../processor_cores/mkrzerov2.a(USBCore.cpp.o)
                0x0000000000008588                arduino::RingBufferN<64>::store_char(unsigned char)
 .text._ZN26DoubleBufferedEPOutHandler5_recvEv
                0x00000000000085a4      0x15e ../processor_cores/mkrzerov2.a(USBCore.cpp.o)
                0x00000000000085a4                DoubleBufferedEPOutHandler::_recv()
 .text._ZN26DoubleBufferedEPOutHandler9availableEv
                0x0000000000008702        0xc ../processor_cores/mkrzerov2.a(USBCore.cpp.o)
                0x0000000000008702                DoubleBufferedEPOutHandler::available()
 .text._ZN26DoubleBufferedEPOutHandler4peekEv
                0x000000000000870e       0x1c ../processor_cores/mkrzerov2.a(USBCore.cpp.o)
                0x000000000000870e                DoubleBufferedEPOutHandler::peek()
 .text._ZN26DoubleBufferedEPOutHandler4recvEPvm
                0x000000000000872a       0x60 ../processor_cores/mkrzerov2.a(USBCore.cpp.o)
                0x000000000000872a                DoubleBufferedEPOutHandler::recv(void*, unsigned long)
 *fill*         0x000000000000878a        0x2 
 .text.startup._GLOBAL__sub_I_usbd
                0x000000000000878c       0x10 ../processor_cores/mkrzerov2.a(USBCore.cpp.o)
 .text._ZN14USBDeviceClass4initEv
                0x000000000000879c      0x15c ../processor_cores/mkrzerov2.a(USBCore.cpp.o)
                0x000000000000879c                USBDeviceClass::init()
 .text._ZN4UartcvbEv
                0x00000000000088f8        0x4 ../processor_cores/mkrzerov2.a(Uart.cpp.o)
                0x00000000000088f8                Uart::operator bool()
 .text._ZN4Uart5beginEm
                0x00000000000088fc       0x10 ../processor_cores/mkrzerov2.a(Uart.cpp.o)
                0x00000000000088fc                Uart::begin(unsigned long)
 .text._ZN4Uart9availableEv
                0x000000000000890c        0x6 ../processor_cores/mkrzerov2.a(Uart.cpp.o)
                0x000000000000890c                Uart::available()
 .text._ZN4Uart17availableForWriteEv
                0x0000000000008912       0x10 ../processor_cores/mkrzerov2.a(Uart.cpp.o)
                0x0000000000008912                Uart::availableForWrite()
 .text._ZN4Uart4peekEv
                0x0000000000008922       0x18 ../processor_cores/mkrzerov2.a(Uart.cpp.o)
                0x0000000000008922                Uart::peek()
 .text._ZN4Uart3endEv
                0x000000000000893a       0x24 ../processor_cores/mkrzerov2.a(Uart.cpp.o)
                0x000000000000893a                Uart::end()
 .text._ZN4Uart5flushEv
                0x000000000000895e       0x16 ../processor_cores/mkrzerov2.a(Uart.cpp.o)
                0x000000000000895e                Uart::flush()
 .text._ZN4Uart16extractNbStopBitEt
                0x0000000000008974        0xc ../processor_cores/mkrzerov2.a(Uart.cpp.o)
                0x0000000000008974                Uart::extractNbStopBit(unsigned short)
 .text._ZN4Uart15extractCharSizeEt
                0x0000000000008980       0x28 ../processor_cores/mkrzerov2.a(Uart.cpp.o)
                0x0000000000008980                Uart::extractCharSize(unsigned short)
 .text._ZN4Uart13extractParityEt
                0x00000000000089a8       0x14 ../processor_cores/mkrzerov2.a(Uart.cpp.o)
                0x00000000000089a8                Uart::extractParity(unsigned short)
 .text._ZN4Uart5beginEmt
                0x00000000000089bc       0xf8 ../processor_cores/mkrzerov2.a(Uart.cpp.o)
                0x00000000000089bc                Uart::begin(unsigned long, unsigned short)
 .text._ZN7arduino11RingBufferNILi256EEC2Ev
                0x0000000000008ab4       0x1e ../processor_cores/mkrzerov2.a(Uart.cpp.o)
                0x0000000000008ab4                arduino::RingBufferN<256>::RingBufferN()
                0x0000000000008ab4                arduino::RingBufferN<256>::RingBufferN()
 *fill*         0x0000000000008ad2        0x2 
 .text._ZN4UartC2EP6SERCOMhh11SercomRXPad15SercomUartTXPad
                0x0000000000008ad4       0x74 ../processor_cores/mkrzerov2.a(Uart.cpp.o)
                0x0000000000008ad4                Uart::Uart(SERCOM*, unsigned char, unsigned char, SercomRXPad, SercomUartTXPad)
                0x0000000000008ad4                Uart::Uart(SERCOM*, unsigned char, unsigned char, SercomRXPad, SercomUartTXPad)
 .text._ZN7arduino15SafeRingBufferNILi256EE10store_charEh
                0x0000000000008b48       0x4a ../processor_cores/mkrzerov2.a(Uart.cpp.o)
                0x0000000000008b48                arduino::SafeRingBufferN<256>::store_char(unsigned char)
 .text._ZN7arduino15SafeRingBufferNILi256EE9read_charEv
                0x0000000000008b92       0x50 ../processor_cores/mkrzerov2.a(Uart.cpp.o)
                0x0000000000008b92                arduino::SafeRingBufferN<256>::read_char()
 .text._ZN4Uart10IrqHandlerEv
                0x0000000000008be2       0xa4 ../processor_cores/mkrzerov2.a(Uart.cpp.o)
                0x0000000000008be2                Uart::IrqHandler()
 *fill*         0x0000000000008c86        0x2 
 .text._ZN4Uart5writeEh
                0x0000000000008c88       0x9c ../processor_cores/mkrzerov2.a(Uart.cpp.o)
                0x0000000000008c88                Uart::write(unsigned char)
 .text._ZN4Uart4readEv
                0x0000000000008d24       0x34 ../processor_cores/mkrzerov2.a(Uart.cpp.o)
                0x0000000000008d24                Uart::read()
 .text.__cxa_pure_virtual
                0x0000000000008d58        0x2 ../processor_cores/mkrzerov2.a(abi.cpp.o)
                0x0000000000008d58                __cxa_pure_virtual
 .text._ZN7arduino13PluggableUSB_12getInterfaceEPh
                0x0000000000008d5a       0x28 ../processor_cores/mkrzerov2.a(PluggableUSB.cpp.o)
                0x0000000000008d5a                arduino::PluggableUSB_::getInterface(unsigned char*)
 .text._ZN7arduino13PluggableUSB_13getDescriptorERNS_8USBSetupE
                0x0000000000008d82       0x20 ../processor_cores/mkrzerov2.a(PluggableUSB.cpp.o)
                0x0000000000008d82                arduino::PluggableUSB_::getDescriptor(arduino::USBSetup&)
 .text._ZN7arduino13PluggableUSB_12getShortNameEPc
                0x0000000000008da2       0x1e ../processor_cores/mkrzerov2.a(PluggableUSB.cpp.o)
                0x0000000000008da2                arduino::PluggableUSB_::getShortName(char*)
 .text._ZN7arduino13PluggableUSB_5setupERNS_8USBSetupE
                0x0000000000008dc0       0x20 ../processor_cores/mkrzerov2.a(PluggableUSB.cpp.o)
                0x0000000000008dc0                arduino::PluggableUSB_::setup(arduino::USBSetup&)
 .text._ZN7arduino13PluggableUSB_4plugEPNS_18PluggableUSBModuleE
                0x0000000000008de0       0x5c ../processor_cores/mkrzerov2.a(PluggableUSB.cpp.o)
                0x0000000000008de0                arduino::PluggableUSB_::plug(arduino::PluggableUSBModule*)
 .text._Z12PluggableUSBv
                0x0000000000008e3c       0x24 ../processor_cores/mkrzerov2.a(PluggableUSB.cpp.o)
                0x0000000000008e3c                PluggableUSB()
 .text._ZN7arduino5Print5writeEPKhj
                0x0000000000008e60       0x28 ../processor_cores/mkrzerov2.a(Print.cpp.o)
                0x0000000000008e60                arduino::Print::write(unsigned char const*, unsigned int)
 .text._ZN7arduino5Print5writeEPKc.part.2
                0x0000000000008e88       0x1a ../processor_cores/mkrzerov2.a(Print.cpp.o)
 .text._ZN7arduino5Print5writeEPKc
                0x0000000000008ea2       0x10 ../processor_cores/mkrzerov2.a(Print.cpp.o)
                0x0000000000008ea2                arduino::Print::write(char const*)
 .text._ZN7arduino5Print5printEPKNS_19__FlashStringHelperE
                0x0000000000008eb2        0x8 ../processor_cores/mkrzerov2.a(Print.cpp.o)
                0x0000000000008eb2                arduino::Print::print(arduino::__FlashStringHelper const*)
 .text._ZN7arduino5Print5printERKNS_6StringE
                0x0000000000008eba        0xe ../processor_cores/mkrzerov2.a(Print.cpp.o)
                0x0000000000008eba                arduino::Print::print(arduino::String const&)
 .text._ZN7arduino5Print5printEPKc
                0x0000000000008ec8        0x8 ../processor_cores/mkrzerov2.a(Print.cpp.o)
                0x0000000000008ec8                arduino::Print::print(char const*)
 .text._ZN7arduino5Print5printEc
                0x0000000000008ed0        0xa ../processor_cores/mkrzerov2.a(Print.cpp.o)
                0x0000000000008ed0                arduino::Print::print(char)
 *fill*         0x0000000000008eda        0x2 
 .text._ZN7arduino5Print7printlnEv
                0x0000000000008edc       0x10 ../processor_cores/mkrzerov2.a(Print.cpp.o)
                0x0000000000008edc                arduino::Print::println()
 .text._ZN7arduino5Print7printlnEPKNS_19__FlashStringHelperE
                0x0000000000008eec       0x14 ../processor_cores/mkrzerov2.a(Print.cpp.o)
                0x0000000000008eec                arduino::Print::println(arduino::__FlashStringHelper const*)
 .text._ZN7arduino5Print7printlnERKNS_6StringE
                0x0000000000008f00       0x14 ../processor_cores/mkrzerov2.a(Print.cpp.o)
                0x0000000000008f00                arduino::Print::println(arduino::String const&)
 .text._ZN7arduino5Print7printlnEPKc
                0x0000000000008f14       0x14 ../processor_cores/mkrzerov2.a(Print.cpp.o)
                0x0000000000008f14                arduino::Print::println(char const*)
 .text._ZN7arduino5Print11printNumberEmh
                0x0000000000008f28       0x48 ../processor_cores/mkrzerov2.a(Print.cpp.o)
                0x0000000000008f28                arduino::Print::printNumber(unsigned long, unsigned char)
 .text._ZN7arduino5Print5printEmi
                0x0000000000008f70       0x18 ../processor_cores/mkrzerov2.a(Print.cpp.o)
                0x0000000000008f70                arduino::Print::print(unsigned long, int)
 .text._ZN7arduino5Print5printEhi
                0x0000000000008f88        0x8 ../processor_cores/mkrzerov2.a(Print.cpp.o)
                0x0000000000008f88                arduino::Print::print(unsigned char, int)
 .text._ZN7arduino5Print5printEji
                0x0000000000008f90        0x8 ../processor_cores/mkrzerov2.a(Print.cpp.o)
                0x0000000000008f90                arduino::Print::print(unsigned int, int)
 .text._ZN7arduino6StringC2EOS0_
                0x0000000000008f98       0x16 ../processor_cores/mkrzerov2.a(String.cpp.o)
                0x0000000000008f98                arduino::String::String(arduino::String&&)
                0x0000000000008f98                arduino::String::String(arduino::String&&)
 .text._ZN7arduino6StringD2Ev
                0x0000000000008fae       0x12 ../processor_cores/mkrzerov2.a(String.cpp.o)
                0x0000000000008fae                arduino::String::~String()
                0x0000000000008fae                arduino::String::~String()
 .text._ZN7arduino6String10invalidateEv
                0x0000000000008fc0       0x18 ../processor_cores/mkrzerov2.a(String.cpp.o)
                0x0000000000008fc0                arduino::String::invalidate()
 .text._ZN7arduino6String12changeBufferEj
                0x0000000000008fd8       0x18 ../processor_cores/mkrzerov2.a(String.cpp.o)
                0x0000000000008fd8                arduino::String::changeBuffer(unsigned int)
 .text._ZN7arduino6String7reserveEj
                0x0000000000008ff0       0x2a ../processor_cores/mkrzerov2.a(String.cpp.o)
                0x0000000000008ff0                arduino::String::reserve(unsigned int)
 .text._ZN7arduino6String4copyEPKcj
                0x000000000000901a       0x32 ../processor_cores/mkrzerov2.a(String.cpp.o)
                0x000000000000901a                arduino::String::copy(char const*, unsigned int)
 .text._ZN7arduino6StringC2EPKc
                0x000000000000904c       0x26 ../processor_cores/mkrzerov2.a(String.cpp.o)
                0x000000000000904c                arduino::String::String(char const*)
                0x000000000000904c                arduino::String::String(char const*)
 .text._ZN7arduino6StringaSEPKc.part.4
                0x0000000000009072       0x18 ../processor_cores/mkrzerov2.a(String.cpp.o)
 .text._ZN7arduino6StringC2Ec
                0x000000000000908a       0x1c ../processor_cores/mkrzerov2.a(String.cpp.o)
                0x000000000000908a                arduino::String::String(char)
                0x000000000000908a                arduino::String::String(char)
 .text._ZN7arduino6StringC2Ehh
                0x00000000000090a6       0x22 ../processor_cores/mkrzerov2.a(String.cpp.o)
                0x00000000000090a6                arduino::String::String(unsigned char, unsigned char)
                0x00000000000090a6                arduino::String::String(unsigned char, unsigned char)
 .text._ZN7arduino6StringC2Eih
                0x00000000000090c8       0x24 ../processor_cores/mkrzerov2.a(String.cpp.o)
                0x00000000000090c8                arduino::String::String(int, unsigned char)
                0x00000000000090c8                arduino::String::String(int, unsigned char)
 .text._ZN7arduino6StringC2Ejh
                0x00000000000090ec       0x24 ../processor_cores/mkrzerov2.a(String.cpp.o)
                0x00000000000090ec                arduino::String::String(unsigned int, unsigned char)
                0x00000000000090ec                arduino::String::String(unsigned int, unsigned char)
 .text._ZN7arduino6StringC2Elh
                0x0000000000009110       0x24 ../processor_cores/mkrzerov2.a(String.cpp.o)
                0x0000000000009110                arduino::String::String(long, unsigned char)
                0x0000000000009110                arduino::String::String(long, unsigned char)
 .text._ZN7arduino6StringC2Emh
                0x0000000000009134       0x24 ../processor_cores/mkrzerov2.a(String.cpp.o)
                0x0000000000009134                arduino::String::String(unsigned long, unsigned char)
                0x0000000000009134                arduino::String::String(unsigned long, unsigned char)
 .text._ZN7arduino6String4moveERS0_
                0x0000000000009158       0x26 ../processor_cores/mkrzerov2.a(String.cpp.o)
                0x0000000000009158                arduino::String::move(arduino::String&)
 .text._ZN7arduino6StringaSERKS0_
                0x000000000000917e       0x20 ../processor_cores/mkrzerov2.a(String.cpp.o)
                0x000000000000917e                arduino::String::operator=(arduino::String const&)
 .text._ZN7arduino6StringC2ERKS0_
                0x000000000000919e       0x14 ../processor_cores/mkrzerov2.a(String.cpp.o)
                0x000000000000919e                arduino::String::String(arduino::String const&)
                0x000000000000919e                arduino::String::String(arduino::String const&)
 .text._ZN7arduino6StringaSEOS0_
                0x00000000000091b2        0xc ../processor_cores/mkrzerov2.a(String.cpp.o)
                0x00000000000091b2                arduino::String::operator=(arduino::String&&)
 .text._ZN7arduino6StringaSEPKc
                0x00000000000091be       0x16 ../processor_cores/mkrzerov2.a(String.cpp.o)
                0x00000000000091be                arduino::String::operator=(char const*)
 .text._ZN7arduino6String6concatEPKcj
                0x00000000000091d4       0x3e ../processor_cores/mkrzerov2.a(String.cpp.o)
                0x00000000000091d4                arduino::String::concat(char const*, unsigned int)
 .text._ZN7arduino6String6concatERKS0_
                0x0000000000009212        0xc ../processor_cores/mkrzerov2.a(String.cpp.o)
                0x0000000000009212                arduino::String::concat(arduino::String const&)
 .text._ZN7arduino6String6concatEPKc.part.6
                0x000000000000921e       0x18 ../processor_cores/mkrzerov2.a(String.cpp.o)
 .text._ZN7arduino6String6concatEPKc
                0x0000000000009236       0x12 ../processor_cores/mkrzerov2.a(String.cpp.o)
                0x0000000000009236                arduino::String::concat(char const*)
 .text._ZN7arduino6String6concatEc
                0x0000000000009248       0x12 ../processor_cores/mkrzerov2.a(String.cpp.o)
                0x0000000000009248                arduino::String::concat(char)
 .text._ZN7arduino6String6concatEi
                0x000000000000925a       0x1a ../processor_cores/mkrzerov2.a(String.cpp.o)
                0x000000000000925a                arduino::String::concat(int)
 .text._ZN7arduinoplERKNS_15StringSumHelperERKNS_6StringE
                0x0000000000009274       0x1a ../processor_cores/mkrzerov2.a(String.cpp.o)
                0x0000000000009274                arduino::operator+(arduino::StringSumHelper const&, arduino::String const&)
 .text._ZN7arduinoplERKNS_15StringSumHelperEPKc
                0x000000000000928e       0x1c ../processor_cores/mkrzerov2.a(String.cpp.o)
                0x000000000000928e                arduino::operator+(arduino::StringSumHelper const&, char const*)
 .text._ZN7arduinoplERKNS_15StringSumHelperEc
                0x00000000000092aa       0x16 ../processor_cores/mkrzerov2.a(String.cpp.o)
                0x00000000000092aa                arduino::operator+(arduino::StringSumHelper const&, char)
 .text._ZN7arduinoplERKNS_15StringSumHelperEi
                0x00000000000092c0       0x16 ../processor_cores/mkrzerov2.a(String.cpp.o)
                0x00000000000092c0                arduino::operator+(arduino::StringSumHelper const&, int)
 .text._ZNK7arduino6String9compareToERKS0_
                0x00000000000092d6       0x3a ../processor_cores/mkrzerov2.a(String.cpp.o)
                0x00000000000092d6                arduino::String::compareTo(arduino::String const&) const
 .text._ZNK7arduino6String6equalsERKS0_
                0x0000000000009310       0x1c ../processor_cores/mkrzerov2.a(String.cpp.o)
                0x0000000000009310                arduino::String::equals(arduino::String const&) const
 .text._ZNK7arduino6String6equalsEPKc
                0x000000000000932c       0x28 ../processor_cores/mkrzerov2.a(String.cpp.o)
                0x000000000000932c                arduino::String::equals(char const*) const
 .text._ZN7arduino6StringixEj
                0x0000000000009354       0x1c ../processor_cores/mkrzerov2.a(String.cpp.o)
                0x0000000000009354                arduino::String::operator[](unsigned int)
 .text._ZNK7arduino6String7indexOfEcj
                0x0000000000009370       0x1e ../processor_cores/mkrzerov2.a(String.cpp.o)
                0x0000000000009370                arduino::String::indexOf(char, unsigned int) const
 .text._ZNK7arduino6String7indexOfEc
                0x000000000000938e        0xa ../processor_cores/mkrzerov2.a(String.cpp.o)
                0x000000000000938e                arduino::String::indexOf(char) const
 .text._ZNK7arduino6String7indexOfERKS0_j
                0x0000000000009398       0x20 ../processor_cores/mkrzerov2.a(String.cpp.o)
                0x0000000000009398                arduino::String::indexOf(arduino::String const&, unsigned int) const
 .text._ZNK7arduino6String7indexOfERKS0_
                0x00000000000093b8        0xa ../processor_cores/mkrzerov2.a(String.cpp.o)
                0x00000000000093b8                arduino::String::indexOf(arduino::String const&) const
 .text._ZNK7arduino6String11lastIndexOfEcj
                0x00000000000093c2       0x30 ../processor_cores/mkrzerov2.a(String.cpp.o)
                0x00000000000093c2                arduino::String::lastIndexOf(char, unsigned int) const
 .text._ZNK7arduino6String11lastIndexOfEc
                0x00000000000093f2        0xc ../processor_cores/mkrzerov2.a(String.cpp.o)
                0x00000000000093f2                arduino::String::lastIndexOf(char) const
 *fill*         0x00000000000093fe        0x2 
 .text._ZNK7arduino6String9substringEjj
                0x0000000000009400       0x3c ../processor_cores/mkrzerov2.a(String.cpp.o)
                0x0000000000009400                arduino::String::substring(unsigned int, unsigned int) const
 .text._ZN7arduino6String11toLowerCaseEv
                0x000000000000943c       0x1a ../processor_cores/mkrzerov2.a(String.cpp.o)
                0x000000000000943c                arduino::String::toLowerCase()
 .text._ZN7arduino6String4trimEv
                0x0000000000009456       0x52 ../processor_cores/mkrzerov2.a(String.cpp.o)
                0x0000000000009456                arduino::String::trim()
 .text._ZNK7arduino6String5toIntEv
                0x00000000000094a8       0x12 ../processor_cores/mkrzerov2.a(String.cpp.o)
                0x00000000000094a8                arduino::String::toInt() const
 .text.Dummy_Handler
                0x00000000000094ba        0x2 ../processor_cores/mkrzerov2.a(cortex_handlers.c.o)
                0x00000000000094ba                DMAC_Handler
                0x00000000000094ba                HardFault_Handler
                0x00000000000094ba                AC_Handler
                0x00000000000094ba                PendSV_Handler
                0x00000000000094ba                NMI_Handler
                0x00000000000094ba                TC7_Handler
                0x00000000000094ba                SERCOM1_Handler
                0x00000000000094ba                ADC_Handler
                0x00000000000094ba                TCC1_Handler
                0x00000000000094ba                SERCOM2_Handler
                0x00000000000094ba                TCC0_Handler
                0x00000000000094ba                RTC_Handler
                0x00000000000094ba                EIC_Handler
                0x00000000000094ba                TC6_Handler
                0x00000000000094ba                WDT_Handler
                0x00000000000094ba                TC4_Handler
                0x00000000000094ba                TC3_Handler
                0x00000000000094ba                Dummy_Handler
                0x00000000000094ba                PM_Handler
                0x00000000000094ba                SVC_Handler
                0x00000000000094ba                TCC2_Handler
                0x00000000000094ba                EVSYS_Handler
                0x00000000000094ba                SERCOM3_Handler
                0x00000000000094ba                SERCOM4_Handler
                0x00000000000094ba                I2S_Handler
                0x00000000000094ba                NVMCTRL_Handler
                0x00000000000094ba                SERCOM0_Handler
                0x00000000000094ba                DAC_Handler
                0x00000000000094ba                PTC_Handler
                0x00000000000094ba                SYSCTRL_Handler
 .text.USB_Handler
                0x00000000000094bc       0x14 ../processor_cores/mkrzerov2.a(cortex_handlers.c.o)
                0x00000000000094bc                USB_Handler
 .text.Reset_Handler
                0x00000000000094d0       0x54 ../processor_cores/mkrzerov2.a(cortex_handlers.c.o)
                0x00000000000094d0                Reset_Handler
 .text.SysTick_Handler
                0x0000000000009524       0x10 ../processor_cores/mkrzerov2.a(cortex_handlers.c.o)
                0x0000000000009524                SysTick_Handler
 .text.USB_SetHandler
                0x0000000000009534        0xc ../processor_cores/mkrzerov2.a(cortex_handlers.c.o)
                0x0000000000009534                USB_SetHandler
 .text.millis   0x0000000000009540        0xc ../processor_cores/mkrzerov2.a(delay.c.o)
                0x0000000000009540                millis
 .text.micros   0x000000000000954c       0x60 ../processor_cores/mkrzerov2.a(delay.c.o)
                0x000000000000954c                micros
 .text.delay    0x00000000000095ac       0x30 ../processor_cores/mkrzerov2.a(delay.c.o)
                0x00000000000095ac                delay
 .text.SysTick_DefaultHandler
                0x00000000000095dc       0x14 ../processor_cores/mkrzerov2.a(delay.c.o)
                0x00000000000095dc                SysTick_DefaultHandler
 .text.__empty  0x00000000000095f0        0x2 ../processor_cores/mkrzerov2.a(hooks.c.o)
                0x00000000000095f0                yield