Archive member included to satisfy reference by file (symbol)

/usr/lib/gcc/avr/7.3.0/avr6/libgcc.a(_udivmodsi4.o)
                              ../arduino/build/atmega2560/HardwareSerial.o (__udivmodsi4)
/usr/lib/gcc/avr/7.3.0/avr6/libgcc.a(_exit.o)
                              /usr/lib/gcc/avr/7.3.0/../../../avr/lib/avr6/crtatmega2560.o (exit)
/usr/lib/gcc/avr/7.3.0/avr6/libgcc.a(_tablejump2.o)
                              ../arduino/build/atmega2560/wiring_analog.o (__tablejump2__)
/usr/lib/gcc/avr/7.3.0/avr6/libgcc.a(_copy_data.o)
                              ../arduino/build/atmega2560/HardwareSerial.o (__do_copy_data)
/usr/lib/gcc/avr/7.3.0/avr6/libgcc.a(_clear_bss.o)
                              ../arduino/build/atmega2560/HardwareSerial0.o (__do_clear_bss)
/usr/lib/gcc/avr/7.3.0/avr6/libgcc.a(_ctors.o)
                              ../arduino/build/atmega2560/HardwareSerial0.o (__do_global_ctors)
/usr/lib/gcc/avr/7.3.0/avr6/libgcc.a(_muluhisi3.o)
                              ../arduino/build/atmega2560/Stream.o (__muluhisi3)
/usr/lib/gcc/avr/7.3.0/avr6/libgcc.a(_umulhisi3.o)
                              /usr/lib/gcc/avr/7.3.0/avr6/libgcc.a(_muluhisi3.o) (__umulhisi3)
/usr/lib/gcc/avr/7.3.0/../../../avr/lib/avr6/libm.a(addsf3.o)
                              ../arduino/build/atmega2560/Print.o (__subsf3)
/usr/lib/gcc/avr/7.3.0/../../../avr/lib/avr6/libm.a(addsf3x.o)
                              /usr/lib/gcc/avr/7.3.0/../../../avr/lib/avr6/libm.a(addsf3.o) (__addsf3x)
/usr/lib/gcc/avr/7.3.0/../../../avr/lib/avr6/libm.a(cmpsf2.o)
                              ../arduino/build/atmega2560/Print.o (__ltsf2)
/usr/lib/gcc/avr/7.3.0/../../../avr/lib/avr6/libm.a(divsf3.o)
                              ../arduino/build/atmega2560/Print.o (__divsf3)
/usr/lib/gcc/avr/7.3.0/../../../avr/lib/avr6/libm.a(divsf3x.o)
                              /usr/lib/gcc/avr/7.3.0/../../../avr/lib/avr6/libm.a(divsf3.o) (__divsf3x)
/usr/lib/gcc/avr/7.3.0/../../../avr/lib/avr6/libm.a(fixunssfsi.o)
                              ../arduino/build/atmega2560/Print.o (__fixunssfsi)
/usr/lib/gcc/avr/7.3.0/../../../avr/lib/avr6/libm.a(floatsisf.o)
                              ../arduino/build/atmega2560/Print.o (__floatunsisf)
/usr/lib/gcc/avr/7.3.0/../../../avr/lib/avr6/libm.a(fp_cmp.o)
                              /usr/lib/gcc/avr/7.3.0/../../../avr/lib/avr6/libm.a(cmpsf2.o) (__fp_cmp)
/usr/lib/gcc/avr/7.3.0/../../../avr/lib/avr6/libm.a(fp_inf.o)
                              /usr/lib/gcc/avr/7.3.0/../../../avr/lib/avr6/libm.a(addsf3x.o) (__fp_inf)
/usr/lib/gcc/avr/7.3.0/../../../avr/lib/avr6/libm.a(fp_nan.o)
                              /usr/lib/gcc/avr/7.3.0/../../../avr/lib/avr6/libm.a(addsf3x.o) (__fp_nan)
/usr/lib/gcc/avr/7.3.0/../../../avr/lib/avr6/libm.a(fp_pscA.o)
                              /usr/lib/gcc/avr/7.3.0/../../../avr/lib/avr6/libm.a(addsf3x.o) (__fp_pscA)
/usr/lib/gcc/avr/7.3.0/../../../avr/lib/avr6/libm.a(fp_pscB.o)
                              /usr/lib/gcc/avr/7.3.0/../../../avr/lib/avr6/libm.a(addsf3x.o) (__fp_pscB)
/usr/lib/gcc/avr/7.3.0/../../../avr/lib/avr6/libm.a(fp_round.o)
                              /usr/lib/gcc/avr/7.3.0/../../../avr/lib/avr6/libm.a(addsf3.o) (__fp_round)
/usr/lib/gcc/avr/7.3.0/../../../avr/lib/avr6/libm.a(fp_split3.o)
                              /usr/lib/gcc/avr/7.3.0/../../../avr/lib/avr6/libm.a(addsf3x.o) (__fp_split3)
/usr/lib/gcc/avr/7.3.0/../../../avr/lib/avr6/libm.a(fp_zero.o)
                              /usr/lib/gcc/avr/7.3.0/../../../avr/lib/avr6/libm.a(addsf3x.o) (__fp_zero)
/usr/lib/gcc/avr/7.3.0/../../../avr/lib/avr6/libm.a(gesf2.o)
                              ../arduino/build/atmega2560/Print.o (__gtsf2)
/usr/lib/gcc/avr/7.3.0/../../../avr/lib/avr6/libm.a(mulsf3.o)
                              ../arduino/build/atmega2560/Print.o (__mulsf3)
/usr/lib/gcc/avr/7.3.0/../../../avr/lib/avr6/libm.a(mulsf3x.o)
                              /usr/lib/gcc/avr/7.3.0/../../../avr/lib/avr6/libm.a(mulsf3.o) (__mulsf3x)
/usr/lib/gcc/avr/7.3.0/../../../avr/lib/avr6/libm.a(unordsf2.o)
                              ../arduino/build/atmega2560/Print.o (__unordsf2)
/usr/lib/gcc/avr/7.3.0/../../../avr/lib/avr6/libc.a(dtostrf.o)
                              ../arduino/build/atmega2560/WString.o (dtostrf)
/usr/lib/gcc/avr/7.3.0/../../../avr/lib/avr6/libc.a(malloc.o)
                              ../arduino/build/atmega2560/new.o (malloc)
/usr/lib/gcc/avr/7.3.0/../../../avr/lib/avr6/libc.a(realloc.o)
                              ../arduino/build/atmega2560/WString.o (realloc)
/usr/lib/gcc/avr/7.3.0/../../../avr/lib/avr6/libc.a(atof.o)
                              ../arduino/build/atmega2560/WString.o (atof)
/usr/lib/gcc/avr/7.3.0/../../../avr/lib/avr6/libc.a(atol.o)
                              ../arduino/build/atmega2560/WString.o (atol)
/usr/lib/gcc/avr/7.3.0/../../../avr/lib/avr6/libc.a(isspace.o)
                              ../arduino/build/atmega2560/WString.o (isspace)
[...]
Memory Configuration

Name             Origin             Length             Attributes
text             0x0000000000000000 0x0000000000040000 xr
data             0x0000000000800200 0x0000000000002000 rw !x
eeprom           0x0000000000810000 0x0000000000001000 rw !x
fuse             0x0000000000820000 0x0000000000000003 rw !x
lock             0x0000000000830000 0x0000000000000400 rw !x
signature        0x0000000000840000 0x0000000000000400 rw !x
user_signatures  0x0000000000850000 0x0000000000000400 rw !x
*default*        0x0000000000000000 0xffffffffffffffff

Linker script and memory map

Address of section .data set to 0x800200
LOAD /usr/lib/gcc/avr/7.3.0/../../../avr/lib/avr6/crtatmega2560.o
LOAD ../arduino/build/atmega2560/HardwareSerial.o
LOAD ../arduino/build/atmega2560/HardwareSerial0.o
LOAD ../arduino/build/atmega2560/Print.o
LOAD ../arduino/build/atmega2560/wiring.o
LOAD ../arduino/build/atmega2560/hooks.o
LOAD ../arduino/build/atmega2560/WString.o
LOAD ../arduino/build/atmega2560/new.o
LOAD ../arduino/build/atmega2560/wiring_analog.o
LOAD ../arduino/build/atmega2560/wiring_digital.o
LOAD ../arduino/build/atmega2560/Stream.o
LOAD ../farcore/build/atmega2560//commandparser.o
LOAD /tmp/ccni4raJ.ltrans0.ltrans.o
LOAD ../farcore/build/atmega2560//commanditem.o
LOAD ../farcore/build/atmega2560//modulesystembasics.o
LOAD ../farcore/build/atmega2560//module.o
LOAD ../farcore/build/atmega2560//solenoid.o
LOAD build/atmega2560/main.o
LOAD /usr/lib/gcc/avr/7.3.0/avr6/libgcc.a
LOAD /usr/lib/gcc/avr/7.3.0/../../../avr/lib/avr6/libm.a
START GROUP
LOAD /usr/lib/gcc/avr/7.3.0/avr6/libgcc.a
LOAD /usr/lib/gcc/avr/7.3.0/../../../avr/lib/avr6/libm.a
LOAD /usr/lib/gcc/avr/7.3.0/../../../avr/lib/avr6/libc.a
LOAD /usr/lib/gcc/avr/7.3.0/../../../avr/lib/avr6/libatmega2560.a
END GROUP
                0x0000000000000000                __TEXT_REGION_ORIGIN__ = DEFINED (__TEXT_REGION_ORIGIN__)?__TEXT_REGION_ORIGIN__:0x0
                [0x0000000000800200]                __DATA_REGION_ORIGIN__ = DEFINED (__DATA_REGION_ORIGIN__)?__DATA_REGION_ORIGIN__:0x800200
                [0x0000000000040000]                __TEXT_REGION_LENGTH__ = DEFINED (__TEXT_REGION_LENGTH__)?__TEXT_REGION_LENGTH__:0x100000
                [0x0000000000002000]                __DATA_REGION_LENGTH__ = DEFINED (__DATA_REGION_LENGTH__)?__DATA_REGION_LENGTH__:0xfe00
                [0x0000000000001000]                __EEPROM_REGION_LENGTH__ = DEFINED (__EEPROM_REGION_LENGTH__)?__EEPROM_REGION_LENGTH__:0x10000
                [0x0000000000000003]                __FUSE_REGION_LENGTH__ = DEFINED (__FUSE_REGION_LENGTH__)?__FUSE_REGION_LENGTH__:0x400
                0x0000000000000400                __LOCK_REGION_LENGTH__ = DEFINED (__LOCK_REGION_LENGTH__)?__LOCK_REGION_LENGTH__:0x400
                0x0000000000000400                __SIGNATURE_REGION_LENGTH__ = DEFINED (__SIGNATURE_REGION_LENGTH__)?__SIGNATURE_REGION_LENGTH__:0x400
                0x0000000000000400                __USER_SIGNATURE_REGION_LENGTH__ = DEFINED (__USER_SIGNATURE_REGION_LENGTH__)?__USER_SIGNATURE_REGION_LENGTH__:0x400

.hash
 *(.hash)

.dynsym
 *(.dynsym)

.dynstr
 *(.dynstr)

.gnu.version
 *(.gnu.version)

.gnu.version_d
 *(.gnu.version_d)

.gnu.version_r
 *(.gnu.version_r)

.rel.init
 *(.rel.init)

.rela.init
 *(.rela.init)

.rel.text
 *(.rel.text)
 *(.rel.text.*)
 *(.rel.gnu.linkonce.t*)

.rela.text
 *(.rela.text)
 *(.rela.text.*)
 *(.rela.gnu.linkonce.t*)

.rel.fini
 *(.rel.fini)

.rela.fini
 *(.rela.fini)

.rel.rodata
 *(.rel.rodata)
 *(.rel.rodata.*)
 *(.rel.gnu.linkonce.r*)

.rela.rodata
 *(.rela.rodata)
 *(.rela.rodata.*)
 *(.rela.gnu.linkonce.r*)

.rel.data
 *(.rel.data)
 *(.rel.data.*)
 *(.rel.gnu.linkonce.d*)

.rela.data
 *(.rela.data)
 *(.rela.data.*)
 *(.rela.gnu.linkonce.d*)

.rel.ctors
 *(.rel.ctors)

.rela.ctors
 *(.rela.ctors)

.rel.dtors
 *(.rel.dtors)

.rela.dtors
 *(.rela.dtors)

.rel.got
 *(.rel.got)

.rela.got
 *(.rela.got)

.rel.bss
 *(.rel.bss)

.rela.bss
 *(.rela.bss)

.rel.plt
 *(.rel.plt)

.rela.plt
 *(.rela.plt)

.text           0x0000000000000000     0x72ae
 *(.vectors)
 .vectors       0x0000000000000000       0xe4 /usr/lib/gcc/avr/7.3.0/../../../avr/lib/avr6/crtatmega2560.o
                0x0000000000000000                __vectors
                0x0000000000000000                __vector_default
 *(.vectors)
 *(.progmem.gcc*)
                0x00000000000000e4                . = ALIGN (0x2)
                0x00000000000000e4                __trampolines_start = .
 *(.trampolines)
 .trampolines   0x00000000000000e4      0x11c linker stubs
 *(.trampolines*)
                0x0000000000000200                __trampolines_end = .
 *libprintf_flt.a:*(.progmem.data)
 *libc.a:*(.progmem.data)
 .progmem.data  0x0000000000000200       0x3b /usr/lib/gcc/avr/7.3.0/../../../avr/lib/avr6/libc.a(strtod.o)
 .progmem.data  0x000000000000023b       0xfa /usr/lib/gcc/avr/7.3.0/../../../avr/lib/avr6/libc.a(ftoa_engine.o)
 *(.progmem*)
 .progmem.data  0x0000000000000335       0x5a ../arduino/build/atmega2560/wiring_digital.o
                0x0000000000000335                digital_pin_to_timer_PGM
                0x0000000000000349                digital_pin_to_bit_mask_PGM
                0x000000000000035d                digital_pin_to_port_PGM
                0x0000000000000371                port_to_input_PGM
                0x000000000000037b                port_to_output_PGM
                0x0000000000000385                port_to_mode_PGM
                0x0000000000000390                . = ALIGN (0x2)
 *fill*         0x000000000000038f        0x1 
 *(.jumptables)
 *(.jumptables*)
 *(.lowtext)
 *(.lowtext*)
                0x0000000000000390                __ctors_start = .
 *(.ctors)
 .ctors         0x0000000000000390        0x2 ../arduino/build/atmega2560/HardwareSerial0.o
 .ctors         0x0000000000000392        0x2 /tmp/ccni4raJ.ltrans0.ltrans.o
                0x0000000000000394                __ctors_end = .
                0x0000000000000394                __dtors_start = .
 *(.dtors)
 .dtors         0x0000000000000394        0x2 /tmp/ccni4raJ.ltrans0.ltrans.o
                0x0000000000000396                __dtors_end = .
 SORT(*)(.ctors)
 SORT(*)(.dtors)
 *(.init0)
 .init0         0x0000000000000396        0x0 /usr/lib/gcc/avr/7.3.0/../../../avr/lib/avr6/crtatmega2560.o
                0x0000000000000396                __init
 *(.init0)
 *(.init1)
 *(.init1)
 *(.init2)
 .init2         0x0000000000000396       0x10 /usr/lib/gcc/avr/7.3.0/../../../avr/lib/avr6/crtatmega2560.o
 *(.init2)
 *(.init3)
 *(.init3)
 *(.init4)
 .init4         0x00000000000003a6       0x1a /usr/lib/gcc/avr/7.3.0/avr6/libgcc.a(_copy_data.o)
                0x00000000000003a6                __do_copy_data
 .init4         0x00000000000003c0       0x10 /usr/lib/gcc/avr/7.3.0/avr6/libgcc.a(_clear_bss.o)
                0x00000000000003c0                __do_clear_bss
 *(.init4)
 *(.init5)
 *(.init5)
 *(.init6)
 .init6         0x00000000000003d0       0x20 /usr/lib/gcc/avr/7.3.0/avr6/libgcc.a(_ctors.o)
                0x00000000000003d0                __do_global_ctors
 *(.init6)
 *(.init7)
 *(.init7)
 *(.init8)
 *(.init8)
 *(.init9)
 .init9         0x00000000000003f0        0x8 /usr/lib/gcc/avr/7.3.0/../../../avr/lib/avr6/crtatmega2560.o
 *(.init9)
 *(.text)
 .text          0x00000000000003f8        0x4 /usr/lib/gcc/avr/7.3.0/../../../avr/lib/avr6/crtatmega2560.o
                0x00000000000003f8                __vector_38
                0x00000000000003f8                __vector_22
                0x00000000000003f8                __vector_28
                0x00000000000003f8                __vector_1
                0x00000000000003f8                __vector_32
                0x00000000000003f8                __vector_34
                0x00000000000003f8                __vector_24
                0x00000000000003f8                __vector_12
                0x00000000000003f8                __vector_55
                0x00000000000003f8                __vector_46
                0x00000000000003f8                __bad_interrupt
                0x00000000000003f8                __vector_6
                0x00000000000003f8                __vector_31
                0x00000000000003f8                __vector_35
                0x00000000000003f8                __vector_39
                0x00000000000003f8                __vector_3
                0x00000000000003f8                __vector_30
                0x00000000000003f8                __vector_45
                0x00000000000003f8                __vector_11
                0x00000000000003f8                __vector_54
                0x00000000000003f8                __vector_13
                0x00000000000003f8                __vector_17
                0x00000000000003f8                __vector_19
                0x00000000000003f8                __vector_56
                0x00000000000003f8                __vector_7
                0x00000000000003f8                __vector_49
                0x00000000000003f8                __vector_41
                0x00000000000003f8                __vector_43
                0x00000000000003f8                __vector_27
                0x00000000000003f8                __vector_5
                0x00000000000003f8                __vector_33
                0x00000000000003f8                __vector_47
                0x00000000000003f8                __vector_52
                0x00000000000003f8                __vector_37
                0x00000000000003f8                __vector_4
                0x00000000000003f8                __vector_44
                0x00000000000003f8                __vector_51
                0x00000000000003f8                __vector_9
                0x00000000000003f8                __vector_2
                0x00000000000003f8                __vector_21
                0x00000000000003f8                __vector_15
                0x00000000000003f8                __vector_36
                0x00000000000003f8                __vector_29
                0x00000000000003f8                __vector_40
                0x00000000000003f8                __vector_8
                0x00000000000003f8                __vector_48
                0x00000000000003f8                __vector_14
                0x00000000000003f8                __vector_53
                0x00000000000003f8                __vector_10
                0x00000000000003f8                __vector_50
                0x00000000000003f8                __vector_16
                0x00000000000003f8                __vector_18
                0x00000000000003f8                __vector_20
                0x00000000000003f8                __vector_42
 .text          0x00000000000003fc      0x30a ../arduino/build/atmega2560/HardwareSerial.o
                0x00000000000003fc                _ZN14HardwareSerial9availableEv
                0x0000000000000414                _ZN14HardwareSerial4peekEv
                0x0000000000000430                _ZN14HardwareSerial4readEv
                0x0000000000000458                _ZN14HardwareSerial17availableForWriteEv
                0x0000000000000476                _Z14serialEventRunv
                0x00000000000004e0                _ZN14HardwareSerial17_tx_udr_empty_irqEv
                0x0000000000000524                _ZN14HardwareSerial5flushEv
                0x0000000000000564                _ZN14HardwareSerial5writeEh
                0x00000000000005fe                _ZN14HardwareSerial5beginEmh
                0x00000000000006c2                _ZN14HardwareSerial3endEv
 .text          0x0000000000000706       0xd4 ../arduino/build/atmega2560/HardwareSerial0.o
                0x0000000000000706                __vector_25
                0x0000000000000772                __vector_26
                0x00000000000007c6                _Z17Serial0_availablev
 .text          0x00000000000007da      0x5e2 ../arduino/build/atmega2560/Print.o
                0x00000000000007da                _ZN5Print5writeEPKhj
                0x0000000000000852                _ZN5Print5printEPK19__FlashStringHelper
                0x000000000000089a                _ZN5Print5printERK6String
                0x00000000000008b6                _ZN5Print5printEPKc
                0x00000000000008c6                _ZN5Print5printEc
                0x00000000000008d4                _ZN5Print5printERK9Printable
                0x00000000000008e8                _ZN5Print7printlnEv
                0x00000000000008f0                _ZN5Print7printlnEPK19__FlashStringHelper
                0x0000000000000914                _ZN5Print7printlnERK6String
                0x0000000000000938                _ZN5Print7printlnEPKc
                0x0000000000000966                _ZN5Print7printlnEc
                0x000000000000098a                _ZN5Print7printlnERK9Printable
                0x00000000000009ae                _ZN5Print11printNumberEmh
                0x0000000000000a46                _ZN5Print5printEli
                0x0000000000000ad6                _ZN5Print5printEii
                0x0000000000000ae4                _ZN5Print7printlnEii
                0x0000000000000b08                _ZN5Print7printlnEli
                0x0000000000000b2c                _ZN5Print5printEmi
                0x0000000000000b46                _ZN5Print5printEhi
                0x0000000000000b54                _ZN5Print7printlnEhi
                0x0000000000000b78                _ZN5Print5printEji
                0x0000000000000b84                _ZN5Print7printlnEji
                0x0000000000000ba8                _ZN5Print7printlnEmi
                0x0000000000000bcc                _ZN5Print10printFloatEdh
                0x0000000000000d94                _ZN5Print5printEdi
                0x0000000000000d98                _ZN5Print7printlnEdi
 .text          0x0000000000000dbc      0x242 ../arduino/build/atmega2560/wiring.o
                0x0000000000000dbc                __vector_23
                0x0000000000000e50                millis
                0x0000000000000e68                micros
                0x0000000000000eb2                delay
                0x0000000000000f24                delayMicroseconds
                0x0000000000000f3a                init
 .text          0x0000000000000ffe        0x2 ../arduino/build/atmega2560/hooks.o
                0x0000000000000ffe                yield
 .text          0x0000000000001000     0x1346 ../arduino/build/atmega2560/WString.o
                0x0000000000001000                _ZN6StringD1Ev
                0x0000000000001000                _ZN6StringD2Ev
                0x0000000000001010                _ZN6String10invalidateEv
                0x0000000000001034                _ZN6String12changeBufferEj
                0x0000000000001068                _ZN6String7reserveEj
                0x00000000000010a2                _ZN6String4copyEPKcj
                0x00000000000010e4                _ZN6StringC1EPKc
                0x00000000000010e4                _ZN6StringC2EPKc
                0x0000000000001122                _ZN6StringC2Ec
                0x0000000000001122                _ZN6StringC1Ec
                0x0000000000001154                _ZN6StringC1Ehh
                0x0000000000001154                _ZN6StringC2Ehh
                0x00000000000011a8                _ZN6StringC1Eih
                0x00000000000011a8                _ZN6StringC2Eih
                0x0000000000001200                _ZN6StringC2Ejh
                0x0000000000001200                _ZN6StringC1Ejh
                0x0000000000001258                _ZN6StringC1Elh
                0x0000000000001258                _ZN6StringC2Elh
                0x00000000000012b2                _ZN6StringC2Emh
                0x00000000000012b2                _ZN6StringC1Emh
                0x000000000000130c                _ZN6String4copyEPK19__FlashStringHelperj
                0x000000000000134e                _ZN6String4moveERS_
                0x00000000000013c8                _ZN6StringC2EOS_
                0x00000000000013c8                _ZN6StringC1EOS_
                0x00000000000013da                _ZN6StringC1EO15StringSumHelper
                0x00000000000013da                _ZN6StringC2EO15StringSumHelper
                0x00000000000013ec                _ZN6StringaSERKS_
                0x000000000000141a                _ZN6StringC1ERKS_
                0x000000000000141a                _ZN6StringC2ERKS_
                0x000000000000142c                _ZN6StringaSEOS_
                0x0000000000001444                _ZN6StringaSEO15StringSumHelper
                0x000000000000145c                _ZN6StringaSEPKc
                0x000000000000147a                _ZN6StringC1Efh
                0x000000000000147a                _ZN6StringC2Efh
                0x00000000000014e0                _ZN6StringC2Edh
                0x00000000000014e0                _ZN6StringC1Edh
                0x0000000000001546                _ZN6StringaSEPK19__FlashStringHelper
                0x000000000000157a                _ZN6StringC2EPK19__FlashStringHelper
                0x000000000000157a                _ZN6StringC1EPK19__FlashStringHelper
                0x000000000000158c                _ZN6String6concatEPKcj
                0x00000000000015e4                _ZN6String6concatERKS_
                0x00000000000015f2                _ZN6String6concatEPKc
                0x0000000000001610                _ZN6String6concatEc
                0x0000000000001638                _ZN6String6concatEh
                0x000000000000168e                _ZN6String6concatEi
                0x00000000000016ea                _ZN6String6concatEj
                0x0000000000001744                _ZN6String6concatEl
                0x00000000000017a6                _ZN6String6concatEm
                0x0000000000001808                _ZN6String6concatEf
                0x000000000000186a                _ZN6String6concatEd
                0x00000000000018cc                _ZN6String6concatEPK19__FlashStringHelper
                0x000000000000192a                _ZplRK15StringSumHelperRK6String
                0x0000000000001950                _ZplRK15StringSumHelperPKc
                0x0000000000001984                _ZplRK15StringSumHelperc
                0x00000000000019a0                _ZplRK15StringSumHelperh
                0x00000000000019bc                _ZplRK15StringSumHelperi
                0x00000000000019d8                _ZplRK15StringSumHelperj
                0x00000000000019f4                _ZplRK15StringSumHelperl
                0x0000000000001a10                _ZplRK15StringSumHelperm
                0x0000000000001a2c                _ZplRK15StringSumHelperf
                0x0000000000001a48                _ZplRK15StringSumHelperd
                0x0000000000001a64                _ZplRK15StringSumHelperPK19__FlashStringHelper
                0x0000000000001a80                _ZNK6String9compareToERKS_
                0x0000000000001ada                _ZNK6String6equalsERKS_
                0x0000000000001afc                _ZNK6String6equalsEPKc
                0x0000000000001b36                _ZNK6StringltERKS_
                0x0000000000001b44                _ZNK6StringgtERKS_
                0x0000000000001b56                _ZNK6StringleERKS_
                0x0000000000001b68                _ZNK6StringgeERKS_
                0x0000000000001b78                _ZNK6String16equalsIgnoreCaseERKS_
                0x0000000000001be8                _ZNK6String10startsWithERKS_j
                0x0000000000001c32                _ZNK6String10startsWithERKS_
                0x0000000000001c50                _ZNK6String8endsWithERKS_
                0x0000000000001c90                _ZN6String9setCharAtEjc
                0x0000000000001cac                _ZN6StringixEj
                0x0000000000001cd0                _ZNK6StringixEj
                0x0000000000001cf2                _ZNK6String6charAtEj
                0x0000000000001cf6                _ZNK6String8getBytesEPhjj
                0x0000000000001d50                _ZNK6String7indexOfEcj
                0x0000000000001d88                _ZNK6String7indexOfEc
                0x0000000000001d90                _ZNK6String7indexOfERKS_j
                0x0000000000001dc8                _ZNK6String7indexOfERKS_
                0x0000000000001dd0                _ZNK6String11lastIndexOfEcj
                0x0000000000001e3c                _ZNK6String11lastIndexOfEc
                0x0000000000001e4a                _ZNK6String11lastIndexOfERKS_j
                0x0000000000001ee6                _ZNK6String11lastIndexOfERKS_
                0x0000000000001efa                _ZNK6String9substringEjj
                0x0000000000001f86                _ZN6String7replaceEcc
                0x0000000000001fa4                _ZN6String7replaceERKS_S1_
                0x000000000000219a                _ZN6String6removeEjj
                0x00000000000021fc                _ZN6String6removeEj
                0x0000000000002204                _ZN6String11toLowerCaseEv
                0x0000000000002230                _ZN6String11toUpperCaseEv
                0x000000000000225c                _ZN6String4trimEv
                0x0000000000002316                _ZNK6String5toIntEv
                0x000000000000232c                _ZNK6String8toDoubleEv
                0x0000000000002342                _ZNK6String7toFloatEv
 .text          0x0000000000002346       0x3c ../arduino/build/atmega2560/new.o
                0x0000000000002346                _Znwj
                0x0000000000002352                _Znaj
                0x0000000000002356                _ZnwjSt9nothrow_t
                0x000000000000235a                _ZnajRKSt9nothrow_t
                0x000000000000235e                _ZnwjPv
                0x0000000000002362                _ZnajPv
                0x0000000000002366                _ZdlPv
                0x000000000000236a                _ZdaPv
                0x000000000000236e                _ZdlPvj
                0x0000000000002372                _ZdaPvj
                0x0000000000002376                _ZdlPvRKSt9nothrow_t
                0x000000000000237a                _ZdaPvRKSt9nothrow_t
                0x000000000000237e                _ZdlPvS_
                0x0000000000002380                _ZdaPvS_
 .text          0x0000000000002382      0x1fa ../arduino/build/atmega2560/wiring_analog.o
                0x0000000000002382                analogReference
                0x0000000000002388                analogRead
                0x00000000000023ce                analogWrite
 .text          0x000000000000257c      0x1f4 ../arduino/build/atmega2560/wiring_digital.o
                0x000000000000264a                pinMode
                0x00000000000026c2                digitalWrite
                0x000000000000271e                digitalRead
 .text          0x0000000000002770      0x6fa ../arduino/build/atmega2560/Stream.o
                0x0000000000002770                _ZN6Stream9timedReadEv
                0x00000000000027cc                _ZN6Stream9timedPeekEv
                0x0000000000002828                _ZN6Stream13peekNextDigitE13LookaheadModeb
                0x000000000000289c                _ZN6Stream10setTimeoutEm
                0x00000000000028a8                _ZN6Stream8parseIntE13LookaheadModec
                0x000000000000296a                _ZN6Stream10parseFloatE13LookaheadModec
                0x0000000000002a94                _ZN6Stream9readBytesEPcj
                0x0000000000002ae6                _ZN6Stream14readBytesUntilEcPcj
                0x0000000000002b4c                _ZN6Stream10readStringEv
                0x0000000000002b80                _ZN6Stream15readStringUntilEc
                0x0000000000002bd0                _ZN6Stream9findMultiEPNS_11MultiTargetEi
                0x0000000000002d20                _ZN6Stream9findUntilEPcjS0_j
                0x0000000000002da8                _ZN6Stream9findUntilEPcS0_
                0x0000000000002dd8                _ZN6Stream4findEPcj
                0x0000000000002e1a                _ZN6Stream4findEPc
                0x0000000000002e6a                . = ALIGN (0x2)
 *(.text.*)
 .text.startup  0x0000000000002e6a       0x5a ../arduino/build/atmega2560/HardwareSerial0.o
 .text._ZNK6String14StringIfHelperEv
                0x0000000000002ec4        0x2 ../arduino/build/atmega2560/WString.o
                0x0000000000002ec4                _ZNK6String14StringIfHelperEv
 .text._ZL6s_dumpP13ModuleCommandP11CommandItemPSt6vectorI15commandResponseSaIS4_EEb24ModuleCommandDeclaration
                0x0000000000002ec6       0x16 /tmp/ccni4raJ.ltrans0.ltrans.o
 .text._ZN8Solenoid21getModuleCommandCountEv
                0x0000000000002edc        0x6 /tmp/ccni4raJ.ltrans0.ltrans.o
 .text._ZNK8Solenoid11getModuleIDEv
                0x0000000000002ee2        0x4 /tmp/ccni4raJ.ltrans0.ltrans.o
 .text._ZN6Module15processCommandsEP11CommandItemPSt6vectorI15commandResponseSaIS3_EEb
                0x0000000000002ee6       0x58 /tmp/ccni4raJ.ltrans0.ltrans.o
 .text._ZN24ModuleCommandDeclarationD2Ev
                0x0000000000002f3e       0x26 /tmp/ccni4raJ.ltrans0.ltrans.o
 .text._ZNSt6vectorI6StringSaIS0_EED2Ev
                0x0000000000002f64       0x46 /tmp/ccni4raJ.ltrans0.ltrans.o
 .text._ZNSt6vectorIhSaIhEED2Ev
                0x0000000000002faa        0xa /tmp/ccni4raJ.ltrans0.ltrans.o
 .text._ZN15CommandItemPartD2Ev
                0x0000000000002fb4       0x16 /tmp/ccni4raJ.ltrans0.ltrans.o
 .text._ZNSt6vectorI15CommandItemPartSaIS0_EED2Ev
                0x0000000000002fca       0x46 /tmp/ccni4raJ.ltrans0.ltrans.o
 .text._ZNSt6vectorI15CommandItemPartSaIS0_EE8downsizeEj
                0x0000000000003010       0x66 /tmp/ccni4raJ.ltrans0.ltrans.o
 .text._ZN24ModuleCommandDeclarationC2ERKS_
                0x0000000000003076       0x5e /tmp/ccni4raJ.ltrans0.ltrans.o
 .text._ZNSt6vectorI15commandResponseSaIS0_EE9push_backERKS0_
                0x00000000000030d4      0x14a /tmp/ccni4raJ.ltrans0.ltrans.o
 .text._ZNSt6vectorIcSaIcEE7reserveEj.part.18
                0x000000000000321e       0x50 /tmp/ccni4raJ.ltrans0.ltrans.o
 .text._ZL6s_helpP13ModuleCommandP11CommandItemPSt6vectorI15commandResponseSaIS4_EEb24ModuleCommandDeclaration
                0x000000000000326e       0xe6 /tmp/ccni4raJ.ltrans0.ltrans.o
 .text._ZL5s_dirP13ModuleCommandP11CommandItemPSt6vectorI15commandResponseSaIS4_EEb24ModuleCommandDeclaration
                0x0000000000003354      0x264 /tmp/ccni4raJ.ltrans0.ltrans.o
 .text._ZNSt6vectorIhSaIhEE6resizeEjRKh.part.26
                0x00000000000035b8       0x9c /tmp/ccni4raJ.ltrans0.ltrans.o
 .text._ZNSt6vectorIhSaIhEEC2ERKS1_
                0x0000000000003654       0x5e /tmp/ccni4raJ.ltrans0.ltrans.o
 .text._Z14checkArgumentsP11CommandItemPSt6vectorI15commandResponseSaIS2_EEhb.part.10.constprop.21
                0x00000000000036b2       0xc2 /tmp/ccni4raJ.ltrans0.ltrans.o
 .text._Z17delimitExpression6Stringb.constprop.13
                0x0000000000003774      0x156 /tmp/ccni4raJ.ltrans0.ltrans.o
 .text._Z12debugPrintln6String14debugPrintType
                0x00000000000038ca       0x82 /tmp/ccni4raJ.ltrans0.ltrans.o
 .text._ZNK8Solenoid16getModuleCommandEh
                0x000000000000394c       0x7a /tmp/ccni4raJ.ltrans0.ltrans.o
 .text._ZN6Module17getBuiltinCommandEh.isra.3
                0x00000000000039c6       0x20 /tmp/ccni4raJ.ltrans0.ltrans.o
 .text._ZN8Solenoid6updateEv
                0x00000000000039e6       0x64 /tmp/ccni4raJ.ltrans0.ltrans.o
 .text._ZN8Solenoid16s_engageDurationEP13ModuleCommandP11CommandItemPSt6vectorI15commandResponseSaIS5_EEb24ModuleCommandDeclaration
                0x0000000000003a4a      0x11e /tmp/ccni4raJ.ltrans0.ltrans.o
 .text._ZN8Solenoid17s_forceMultiplierEP13ModuleCommandP11CommandItemPSt6vectorI15commandResponseSaIS5_EEb24ModuleCommandDeclaration
                0x0000000000003b68      0x168 /tmp/ccni4raJ.ltrans0.ltrans.o
 .text._ZN8Solenoid10s_minForceEP13ModuleCommandP11CommandItemPSt6vectorI15commandResponseSaIS5_EEb24ModuleCommandDeclaration
                0x0000000000003cd0      0x168 /tmp/ccni4raJ.ltrans0.ltrans.o
 .text._ZN8Solenoid10s_maxForceEP13ModuleCommandP11CommandItemPSt6vectorI15commandResponseSaIS5_EEb24ModuleCommandDeclaration
                0x0000000000003e38      0x168 /tmp/ccni4raJ.ltrans0.ltrans.o
 .text._ZN8Solenoid11s_disengageEP13ModuleCommandP11CommandItemPSt6vectorI15commandResponseSaIS5_EEb24ModuleCommandDeclaration
                0x0000000000003fa0       0xe4 /tmp/ccni4raJ.ltrans0.ltrans.o
 .text._ZN8Solenoid8s_engageEP13ModuleCommandP11CommandItemPSt6vectorI15commandResponseSaIS5_EEb24ModuleCommandDeclaration
                0x0000000000004084      0x1fe /tmp/ccni4raJ.ltrans0.ltrans.o
 .text._ZN6Module4helpEPSt6vectorI15commandResponseSaIS1_EE6StringS5_
                0x0000000000004282      0x3a4 /tmp/ccni4raJ.ltrans0.ltrans.o
 .text._ZN6Module3dirEPSt6vectorI15commandResponseSaIS1_EE6StringS5_bbbbbb
                0x0000000000004626      0x29c /tmp/ccni4raJ.ltrans0.ltrans.o
 .text._ZN6Module21processModuleCommandsEP11CommandItemPSt6vectorI15commandResponseSaIS3_EEb
                0x00000000000048c2      0x22a /tmp/ccni4raJ.ltrans0.ltrans.o
 .text._ZN6Module22processBuiltInCommandsEP11CommandItemPSt6vectorI15commandResponseSaIS3_EEb
                0x0000000000004aec      0x226 /tmp/ccni4raJ.ltrans0.ltrans.o
 .text._ZN11CommandItemC2EP6String
                0x0000000000004d12      0x6f4 /tmp/ccni4raJ.ltrans0.ltrans.o
 .text._ZN6Module8dumpDataEPSt6vectorI15commandResponseSaIS1_EE
                0x0000000000005406       0xc8 /tmp/ccni4raJ.ltrans0.ltrans.o
 .text.exit._GLOBAL__D_65535_1_commandparser.o.2820
                0x00000000000054ce       0xc0 /tmp/ccni4raJ.ltrans0.ltrans.o
 .text.startup._GLOBAL__I_65535_0_commandparser.o.2818
                0x000000000000558e      0x530 /tmp/ccni4raJ.ltrans0.ltrans.o
 .text.startup.main
                0x0000000000005abe      0x3cc /tmp/ccni4raJ.ltrans0.ltrans.o
                0x0000000000005abe                main
 .text.libgcc.div
                0x0000000000005e8a       0x44 /usr/lib/gcc/avr/7.3.0/avr6/libgcc.a(_udivmodsi4.o)
                0x0000000000005e8a                __udivmodsi4
 .text.libgcc   0x0000000000005ece       0x10 /usr/lib/gcc/avr/7.3.0/avr6/libgcc.a(_tablejump2.o)
                0x0000000000005ece                __tablejump2__
 .text.libgcc.mul
                0x0000000000005ede       0x16 /usr/lib/gcc/avr/7.3.0/avr6/libgcc.a(_muluhisi3.o)
                0x0000000000005ede                __muluhisi3
 .text.libgcc.mul
                0x0000000000005ef4       0x1e /usr/lib/gcc/avr/7.3.0/avr6/libgcc.a(_umulhisi3.o)
                0x0000000000005ef4                __umulhisi3
 .text.avr-libc.fplib
                0x0000000000005f12        0xe /usr/lib/gcc/avr/7.3.0/../../../avr/lib/avr6/libm.a(addsf3.o)
                0x0000000000005f12                __subsf3
                0x0000000000005f14                __addsf3
 .text.avr-libc.fplib
                0x0000000000005f20       0xcc /usr/lib/gcc/avr/7.3.0/../../../avr/lib/avr6/libm.a(addsf3x.o)
                0x0000000000005f42                __addsf3x
 .text.avr-libc.fplib
                0x0000000000005fec        0xa /usr/lib/gcc/avr/7.3.0/../../../avr/lib/avr6/libm.a(cmpsf2.o)
                0x0000000000005fec                __lesf2
                0x0000000000005fec                __nesf2
                0x0000000000005fec                __eqsf2
                0x0000000000005fec                __cmpsf2
                0x0000000000005fec                __ltsf2
 .text.avr-libc.fplib
                0x0000000000005ff6        0x8 /usr/lib/gcc/avr/7.3.0/../../../avr/lib/avr6/libm.a(divsf3.o)
                0x0000000000005ff6                __divsf3
 .text.avr-libc.fplib
                0x0000000000005ffe       0xdc /usr/lib/gcc/avr/7.3.0/../../../avr/lib/avr6/libm.a(divsf3x.o)
                0x000000000000601e                __divsf3x
                0x0000000000006024                __divsf3_pse
 .text.avr-libc.fplib
                0x00000000000060da       0x5e /usr/lib/gcc/avr/7.3.0/../../../avr/lib/avr6/libm.a(fixunssfsi.o)
                0x00000000000060da                __fixunssfsi
 .text.avr-libc.fplib
                0x0000000000006138       0x7a /usr/lib/gcc/avr/7.3.0/../../../avr/lib/avr6/libm.a(floatsisf.o)
                0x0000000000006138                __floatunsisf
                0x000000000000613c                __floatsisf
 .text.avr-libc.fplib
                0x00000000000061b2       0x48 /usr/lib/gcc/avr/7.3.0/../../../avr/lib/avr6/libm.a(fp_cmp.o)
                0x00000000000061b2                __fp_cmp
 .text.avr-libc.fplib
                0x00000000000061fa        0xc /usr/lib/gcc/avr/7.3.0/../../../avr/lib/avr6/libm.a(fp_inf.o)
                0x00000000000061fa                __fp_inf
 .text.avr-libc.fplib
                0x0000000000006206        0x6 /usr/lib/gcc/avr/7.3.0/../../../avr/lib/avr6/libm.a(fp_nan.o)
                0x0000000000006206                __fp_nan
 .text.avr-libc.fplib
                0x000000000000620c        0xe /usr/lib/gcc/avr/7.3.0/../../../avr/lib/avr6/libm.a(fp_pscA.o)
                0x000000000000620c                __fp_pscA
 .text.avr-libc.fplib
                0x000000000000621a        0xe /usr/lib/gcc/avr/7.3.0/../../../avr/lib/avr6/libm.a(fp_pscB.o)
                0x000000000000621a                __fp_pscB
 .text.avr-libc.fplib
                0x0000000000006228       0x22 /usr/lib/gcc/avr/7.3.0/../../../avr/lib/avr6/libm.a(fp_round.o)
                0x0000000000006228                __fp_round
 .text.avr-libc.fplib
                0x000000000000624a       0x44 /usr/lib/gcc/avr/7.3.0/../../../avr/lib/avr6/libm.a(fp_split3.o)
                0x000000000000624a                __fp_split3
                0x000000000000625a                __fp_splitA
 .text.avr-libc.fplib
                0x000000000000628e        0xe /usr/lib/gcc/avr/7.3.0/../../../avr/lib/avr6/libm.a(fp_zero.o)
                0x000000000000628e                __fp_zero
                0x0000000000006290                __fp_szero
 .text.avr-libc.fplib
                0x000000000000629c        0xa /usr/lib/gcc/avr/7.3.0/../../../avr/lib/avr6/libm.a(gesf2.o)
                0x000000000000629c                __gtsf2
                0x000000000000629c                __gesf2
 .text.avr-libc.fplib
                0x00000000000062a6        0x8 /usr/lib/gcc/avr/7.3.0/../../../avr/lib/avr6/libm.a(mulsf3.o)
                0x00000000000062a6                __mulsf3
 .text.avr-libc.fplib
                0x00000000000062ae       0xd2 /usr/lib/gcc/avr/7.3.0/../../../avr/lib/avr6/libm.a(mulsf3x.o)
                0x00000000000062cc                __mulsf3x
                0x00000000000062d2                __mulsf3_pse
 .text.avr-libc.fplib
                0x0000000000006380        0xa /usr/lib/gcc/avr/7.3.0/../../../avr/lib/avr6/libm.a(unordsf2.o)
                0x0000000000006380                __unordsf2
 .text.avr-libc
                0x000000000000638a       0x3c /usr/lib/gcc/avr/7.3.0/../../../avr/lib/avr6/libc.a(dtostrf.o)
                0x000000000000638a                dtostrf
 .text.avr-libc
                0x00000000000063c6      0x24a /usr/lib/gcc/avr/7.3.0/../../../avr/lib/avr6/libc.a(malloc.o)
                0x00000000000063c6                malloc
                0x00000000000064fe                free
 .text.avr-libc
                0x0000000000006610      0x1c2 /usr/lib/gcc/avr/7.3.0/../../../avr/lib/avr6/libc.a(realloc.o)
                0x0000000000006610                realloc
 .text.avr-libc
                0x00000000000067d2        0x8 /usr/lib/gcc/avr/7.3.0/../../../avr/lib/avr6/libc.a(atof.o)
                0x00000000000067d2                atof
 .text.avr-libc
                0x00000000000067da       0x4e /usr/lib/gcc/avr/7.3.0/../../../avr/lib/avr6/libc.a(atol.o)
                0x00000000000067da                atol
 .text.avr-libc
                0x0000000000006828       0x12 /usr/lib/gcc/avr/7.3.0/../../../avr/lib/avr6/libc.a(isspace.o)
                0x0000000000006828                isspace
 .text.avr-libc
                0x000000000000683a       0x10 /usr/lib/gcc/avr/7.3.0/../../../avr/lib/avr6/libc.a(tolower.o)
                0x000000000000683a                tolower
 .text.avr-libc
                0x000000000000684a       0x10 /usr/lib/gcc/avr/7.3.0/../../../avr/lib/avr6/libc.a(toupper.o)
                0x000000000000684a                toupper
 .text.avr-libc
                0x000000000000685a        0xe /usr/lib/gcc/avr/7.3.0/../../../avr/lib/avr6/libc.a(strcpy_P.o)
                0x000000000000685a                strcpy_P
 .text.avr-libc
                0x0000000000006868       0x12 /usr/lib/gcc/avr/7.3.0/../../../avr/lib/avr6/libc.a(strlen_P.o)
                0x0000000000006868                __strlen_P
 .text.avr-libc
                0x000000000000687a       0x12 /usr/lib/gcc/avr/7.3.0/../../../avr/lib/avr6/libc.a(memcpy.o)
                0x000000000000687a                memcpy
 .text.avr-libc
                0x000000000000688c       0x24 /usr/lib/gcc/avr/7.3.0/../../../avr/lib/avr6/libc.a(memmove.o)
                0x000000000000688c                memmove
 .text.avr-libc
                0x00000000000068b0       0x16 /usr/lib/gcc/avr/7.3.0/../../../avr/lib/avr6/libc.a(strchr.o)
                0x00000000000068b0                strchr
 .text.avr-libc
                0x00000000000068c6       0x12 /usr/lib/gcc/avr/7.3.0/../../../avr/lib/avr6/libc.a(strcmp.o)
                0x00000000000068c6                strcmp
 .text.avr-libc
                0x00000000000068d8        0xe /usr/lib/gcc/avr/7.3.0/../../../avr/lib/avr6/libc.a(strcpy.o)
                0x00000000000068d8                strcpy
 .text.avr-libc
                0x00000000000068e6       0x1c /usr/lib/gcc/avr/7.3.0/../../../avr/lib/avr6/libc.a(strncmp.o)
                0x00000000000068e6                strncmp
 .text.avr-libc
                0x0000000000006902       0x1e /usr/lib/gcc/avr/7.3.0/../../../avr/lib/avr6/libc.a(strncpy.o)
                0x0000000000006902                strncpy
 .text.avr-libc
                0x0000000000006920       0x16 /usr/lib/gcc/avr/7.3.0/../../../avr/lib/avr6/libc.a(strrchr.o)
                0x0000000000006920                strrchr
 .text.avr-libc
                0x0000000000006936       0x34 /usr/lib/gcc/avr/7.3.0/../../../avr/lib/avr6/libc.a(strstr.o)
                0x0000000000006936                strstr
 .text.avr-libc
                0x000000000000696a       0x16 /usr/lib/gcc/avr/7.3.0/../../../avr/lib/avr6/libc.a(itoa.o)
                0x000000000000696a                itoa
                0x000000000000696a                __itoa
 .text.avr-libc
                0x0000000000006980       0x16 /usr/lib/gcc/avr/7.3.0/../../../avr/lib/avr6/libc.a(itoa_ncheck.o)
                0x0000000000006980                __itoa_ncheck
 .text.avr-libc
                0x0000000000006996       0x16 /usr/lib/gcc/avr/7.3.0/../../../avr/lib/avr6/libc.a(ltoa.o)
                0x0000000000006996                __ltoa
                0x0000000000006996                ltoa
 .text.avr-libc
                0x00000000000069ac       0x1e /usr/lib/gcc/avr/7.3.0/../../../avr/lib/avr6/libc.a(ltoa_ncheck.o)
                0x00000000000069ac                __ltoa_ncheck
 .text.avr-libc
                0x00000000000069ca       0x2a /usr/lib/gcc/avr/7.3.0/../../../avr/lib/avr6/libc.a(mulsi10.o)
                0x00000000000069ca                __mulsi_const_10
 .text.avr-libc
                0x00000000000069f4       0x16 /usr/lib/gcc/avr/7.3.0/../../../avr/lib/avr6/libc.a(ultoa.o)
                0x00000000000069f4                __ultoa
                0x00000000000069f4                ultoa
 .text.avr-libc
                0x0000000000006a0a       0x44 /usr/lib/gcc/avr/7.3.0/../../../avr/lib/avr6/libc.a(ultoa_ncheck.o)
                0x0000000000006a0a                __ultoa_ncheck
                0x0000000000006a0c                __ultoa_common
 .text.avr-libc
                0x0000000000006a4e       0x16 /usr/lib/gcc/avr/7.3.0/../../../avr/lib/avr6/libc.a(utoa.o)
                0x0000000000006a4e                utoa
                0x0000000000006a4e                __utoa
 .text.avr-libc
                0x0000000000006a64       0x34 /usr/lib/gcc/avr/7.3.0/../../../avr/lib/avr6/libc.a(utoa_ncheck.o)
                0x0000000000006a64                __utoa_ncheck
                0x0000000000006a66                __utoa_common
 .text.avr-libc
                0x0000000000006a98      0x2f2 /usr/lib/gcc/avr/7.3.0/../../../avr/lib/avr6/libc.a(dtoa_prf.o)
                0x0000000000006a98                dtoa_prf
 .text.avr-libc
                0x0000000000006d8a      0x2bc /usr/lib/gcc/avr/7.3.0/../../../avr/lib/avr6/libc.a(strtod.o)
                0x0000000000006d8a                strtod
 .text.avr-libc
                0x0000000000007046      0x1b0 /usr/lib/gcc/avr/7.3.0/../../../avr/lib/avr6/libc.a(ftoa_engine.o)
                0x0000000000007046                __ftoa_engine
 .text.avr-libc
                0x00000000000071f6        0x6 /usr/lib/gcc/avr/7.3.0/../../../avr/lib/avr6/libc.a(cty_isfalse.o)
                0x00000000000071f6                __ctype_isfalse
                0x00000000000071fa                __ctype_istrue
 .text.avr-libc
                0x00000000000071fc       0x30 /usr/lib/gcc/avr/7.3.0/../../../avr/lib/avr6/libc.a(strncasecmp_P.o)
                0x00000000000071fc                strncasecmp_P
 .text.avr-libc
                0x000000000000722c       0x20 /usr/lib/gcc/avr/7.3.0/../../../avr/lib/avr6/libc.a(strrev.o)
                0x000000000000722c                strrev
 .text.libgcc.div
                0x000000000000724c       0x2e /usr/lib/gcc/avr/7.3.0/avr6/libgcc.a(_divmodsi4.o)
                0x000000000000724c                __divmodsi4
 .text.libgcc.div
                0x000000000000727a       0x10 /usr/lib/gcc/avr/7.3.0/avr6/libgcc.a(_negsi2.o)
                0x000000000000727a                __negsi2
                0x000000000000728a                . = ALIGN (0x2)
 *(.fini9)
 .fini9         0x000000000000728a        0x0 /usr/lib/gcc/avr/7.3.0/avr6/libgcc.a(_exit.o)
                0x000000000000728a                exit
                0x000000000000728a                _exit
 *(.fini9)
 *(.fini8)
 *(.fini8)
 *(.fini7)
 *(.fini7)
 *(.fini6)
 .fini6         0x000000000000728a       0x20 /usr/lib/gcc/avr/7.3.0/avr6/libgcc.a(_dtors.o)
                0x000000000000728a                __do_global_dtors
 *(.fini6)
 *(.fini5)
 *(.fini5)
 *(.fini4)
 *(.fini4)
 *(.fini3)
 *(.fini3)
 *(.fini2)
 *(.fini2)
 *(.fini1)
 *(.fini1)
 *(.fini0)
 .fini0         0x00000000000072aa        0x4 /usr/lib/gcc/avr/7.3.0/avr6/libgcc.a(_exit.o)
 *(.fini0)
                0x00000000000072ae                _etext = .

.data           0x0000000000800200      0x8ac load address 0x00000000000072ae
                0x0000000000800200                PROVIDE (__data_start, .)
 *(.data)
 .data          0x0000000000800200        0x1 ../arduino/build/atmega2560/wiring_analog.o
                0x0000000000800200                analog_reference
 .data          0x0000000000800201        0x6 /usr/lib/gcc/avr/7.3.0/../../../avr/lib/avr6/libc.a(malloc.o)
                0x0000000000800201                __malloc_heap_end
                0x0000000000800203                __malloc_heap_start
                0x0000000000800205                __malloc_margin
 *(.data*)
 *(.gnu.linkonce.d*)
 *(.rodata)
 *(.rodata*)
 .rodata._ZTV14HardwareSerial
                0x0000000000800207       0x12 ../arduino/build/atmega2560/HardwareSerial.o
                0x0000000000800207                _ZTV14HardwareSerial
 .rodata.str1.1
                0x0000000000800219        0xf ../arduino/build/atmega2560/Print.o
 .rodata.str1.1
                0x0000000000800228        0xf ../arduino/build/atmega2560/WString.o
                                          0x1 (size before relaxing)
 .rodata.str1.1
                0x0000000000800228        0x1 ../arduino/build/atmega2560/Stream.o
 .rodata._ZL5s_dirP13ModuleCommandP11CommandItemPSt6vectorI15commandResponseSaIS4_EEb24ModuleCommandDeclaration.str1.1
                0x0000000000800228       0x3f /tmp/ccni4raJ.ltrans0.ltrans.o
                                         0x47 (size before relaxing)
 .rodata._Z14checkArgumentsP11CommandItemPSt6vectorI15commandResponseSaIS2_EEhb.part.10.constprop.21.str1.1
                0x0000000000800267       0x2b /tmp/ccni4raJ.ltrans0.ltrans.o
 .rodata._Z17delimitExpression6Stringb.constprop.13.str1.1
                0x0000000000800292        0x2 /tmp/ccni4raJ.ltrans0.ltrans.o
                                          0x5 (size before relaxing)
 .rodata._Z12debugPrintln6String14debugPrintType.str1.1
                0x0000000000800294        0x2 /tmp/ccni4raJ.ltrans0.ltrans.o
                                          0x4 (size before relaxing)
 .rodata._ZNK8Solenoid16getModuleCommandEh.str1.1
                0x0000000000800296       0x1c /tmp/ccni4raJ.ltrans0.ltrans.o
 .rodata._ZN8Solenoid16s_engageDurationEP13ModuleCommandP11CommandItemPSt6vectorI15commandResponseSaIS5_EEb24ModuleCommandDeclaration.str1.1
                0x00000000008002b2       0x1c /tmp/ccni4raJ.ltrans0.ltrans.o
                                          0x2 (size before relaxing)
 .rodata._ZN8Solenoid8s_engageEP13ModuleCommandP11CommandItemPSt6vectorI15commandResponseSaIS5_EEb24ModuleCommandDeclaration.str1.1
                0x00000000008002b2       0x1d /tmp/ccni4raJ.ltrans0.ltrans.o
 .rodata._ZN6Module4helpEPSt6vectorI15commandResponseSaIS1_EE6StringS5_.str1.1
                0x00000000008002cf        0x8 /tmp/ccni4raJ.ltrans0.ltrans.o
 .rodata._ZN6Module3dirEPSt6vectorI15commandResponseSaIS1_EE6StringS5_bbbbbb.str1.1
                0x00000000008002d7       0x35 /tmp/ccni4raJ.ltrans0.ltrans.o
                                         0x39 (size before relaxing)
 .rodata._ZN6Module21processModuleCommandsEP11CommandItemPSt6vectorI15commandResponseSaIS3_EEb.str1.1
                0x000000000080030c       0x1b /tmp/ccni4raJ.ltrans0.ltrans.o
 .rodata._ZN6Module22processBuiltInCommandsEP11CommandItemPSt6vectorI15commandResponseSaIS3_EEb.str1.1
                0x0000000000800327       0x10 /tmp/ccni4raJ.ltrans0.ltrans.o
 .rodata._ZN11CommandItemC2EP6String.str1.1
                0x0000000000800337       0x18 /tmp/ccni4raJ.ltrans0.ltrans.o
 .rodata._GLOBAL__I_65535_0_commandparser.o.2818.str1.1
                0x000000000080034f      0x69d /tmp/ccni4raJ.ltrans0.ltrans.o
                                        0x6c0 (size before relaxing)
 .rodata.main.str1.1
                0x00000000008009ec       0x99 /tmp/ccni4raJ.ltrans0.ltrans.o
                                         0xa2 (size before relaxing)
 .rodata.debugPrintEnabled
                0x0000000000800a85        0xc /tmp/ccni4raJ.ltrans0.ltrans.o
 .rodata._ZTV8Solenoid
                0x0000000000800a91       0x1a /tmp/ccni4raJ.ltrans0.ltrans.o
 *(.gnu.linkonce.r*)
                0x0000000000800aac                . = ALIGN (0x2)
 *fill*         0x0000000000800aab        0x1 
                0x0000000000800aac                _edata = .
                0x0000000000800aac                PROVIDE (__data_end, .)

.bss            0x0000000000800aac      0x2f0
                0x0000000000800aac                PROVIDE (__bss_start, .)
 *(.bss)
 .bss           0x0000000000800aac       0x9d ../arduino/build/atmega2560/HardwareSerial0.o
                0x0000000000800aac                Serial
 .bss           0x0000000000800b49        0x9 ../arduino/build/atmega2560/wiring.o
                0x0000000000800b49                timer0_millis
                0x0000000000800b4d                timer0_overflow_count
 .bss           0x0000000000800b52        0x1 ../arduino/build/atmega2560/WString.o
 *(.bss*)
 .bss.solenoid  0x0000000000800b53        0x2 /tmp/ccni4raJ.ltrans0.ltrans.o
 .bss.moduleTypeDescription
                0x0000000000800b55       0x12 /tmp/ccni4raJ.ltrans0.ltrans.o
 .bss.commandTypeDescription
                0x0000000000800b67       0x8a /tmp/ccni4raJ.ltrans0.ltrans.o
 .bss._ZN6Module15builtinCommandsE
                0x0000000000800bf1       0x5a /tmp/ccni4raJ.ltrans0.ltrans.o
 .bss._ZN8Solenoid14moduleCommandsE
                0x0000000000800c4b       0xb4 /tmp/ccni4raJ.ltrans0.ltrans.o
 .bss.commandResponses
                0x0000000000800cff        0x7 /tmp/ccni4raJ.ltrans0.ltrans.o
 .bss.debugPrintTypeNameShort
                0x0000000000800d06       0x48 /tmp/ccni4raJ.ltrans0.ltrans.o
 .bss.debugPrintTypeName
                0x0000000000800d4e       0x48 /tmp/ccni4raJ.ltrans0.ltrans.o
 *(COMMON)
 COMMON         0x0000000000800d96        0x4 /usr/lib/gcc/avr/7.3.0/../../../avr/lib/avr6/libc.a(malloc.o)
                0x0000000000800d96                __brkval
                0x0000000000800d98                __flp
 COMMON         0x0000000000800d9a        0x2 /usr/lib/gcc/avr/7.3.0/../../../avr/lib/avr6/libc.a(errno.o)
                0x0000000000800d9a                errno
                0x0000000000800d9c                PROVIDE (__bss_end, .)
                0x00000000000072ae                __data_load_start = LOADADDR (.data)
                0x0000000000007b5a                __data_load_end = (__data_load_start + SIZEOF (.data))

.noinit         0x0000000000800d9c        0x0
                [!provide]                        PROVIDE (__noinit_start, .)
 *(.noinit*)
                [!provide]                        PROVIDE (__noinit_end, .)
                0x0000000000800d9c                _end = .
                0x0000000000800d9c                PROVIDE (__heap_start, .)

.eeprom         0x0000000000810000        0x0
 *(.eeprom*)
                0x0000000000810000                __eeprom_end = .

.fuse
 *(.fuse)
 *(.lfuse)
 *(.hfuse)
 *(.efuse)

.lock
 *(.lock*)

.signature
 *(.signature*)

.user_signatures
 *(.user_signatures*)

.stab
 *(.stab)

.stabstr
 *(.stabstr)

.stab.excl
 *(.stab.excl)

.stab.exclstr
 *(.stab.exclstr)

.stab.index
 *(.stab.index)

.stab.indexstr
 *(.stab.indexstr)

.comment        0x0000000000000000       0x11
 *(.comment)
 .comment       0x0000000000000000       0x11 ../arduino/build/atmega2560/HardwareSerial.o
                                         0x12 (size before relaxing)
 .comment       0x0000000000000011       0x12 ../arduino/build/atmega2560/HardwareSerial0.o
 .comment       0x0000000000000011       0x12 ../arduino/build/atmega2560/Print.o
 .comment       0x0000000000000011       0x12 ../arduino/build/atmega2560/wiring.o
 .comment       0x0000000000000011       0x12 ../arduino/build/atmega2560/hooks.o
 .comment       0x0000000000000011       0x12 ../arduino/build/atmega2560/WString.o
 .comment       0x0000000000000011       0x12 ../arduino/build/atmega2560/new.o
 .comment       0x0000000000000011       0x12 ../arduino/build/atmega2560/wiring_analog.o
 .comment       0x0000000000000011       0x12 ../arduino/build/atmega2560/wiring_digital.o
 .comment       0x0000000000000011       0x12 ../arduino/build/atmega2560/Stream.o
 .comment       0x0000000000000011       0x12 /tmp/ccni4raJ.ltrans0.ltrans.o
 .comment       0x0000000000000011       0x12 /usr/lib/gcc/avr/7.3.0/../../../avr/lib/avr6/libc.a(dtostrf.o)
 .comment       0x0000000000000011       0x12 /usr/lib/gcc/avr/7.3.0/../../../avr/lib/avr6/libc.a(malloc.o)
 .comment       0x0000000000000011       0x12 /usr/lib/gcc/avr/7.3.0/../../../avr/lib/avr6/libc.a(realloc.o)
 .comment       0x0000000000000011       0x12 /usr/lib/gcc/avr/7.3.0/../../../avr/lib/avr6/libc.a(dtoa_prf.o)
 .comment       0x0000000000000011       0x12 /usr/lib/gcc/avr/7.3.0/../../../avr/lib/avr6/libc.a(strtod.o)
 .comment       0x0000000000000011       0x12 /usr/lib/gcc/avr/7.3.0/../../../avr/lib/avr6/libc.a(errno.o)

.note.gnu.avr.deviceinfo
                0x0000000000000000       0x40
 .note.gnu.avr.deviceinfo
                0x0000000000000000       0x40 /usr/lib/gcc/avr/7.3.0/../../../avr/lib/avr6/crtatmega2560.o

.note.gnu.build-id
 *(.note.gnu.build-id)

.debug
 *(.debug)

.line
 *(.line)

.debug_srcinfo
 *(.debug_srcinfo)

.debug_sfnames
 *(.debug_sfnames)

.debug_aranges
 *(.debug_aranges)

.debug_pubnames
 *(.debug_pubnames)

.debug_info     0x0000000000000000      0xbbc
 *(.debug_info .gnu.linkonce.wi.*)
 .debug_info    0x0000000000000000      0xbbc /usr/lib/gcc/avr/7.3.0/../../../avr/lib/avr6/crtatmega2560.o

.debug_abbrev   0x0000000000000000      0xb1a
 *(.debug_abbrev)
 .debug_abbrev  0x0000000000000000      0xb1a /usr/lib/gcc/avr/7.3.0/../../../avr/lib/avr6/crtatmega2560.o

.debug_line     0x0000000000000000       0x1a
 *(.debug_line .debug_line.* .debug_line_end)
 .debug_line    0x0000000000000000       0x1a /usr/lib/gcc/avr/7.3.0/../../../avr/lib/avr6/crtatmega2560.o

.debug_frame
 *(.debug_frame)

.debug_str      0x0000000000000000      0x3e6
 *(.debug_str)
 .debug_str     0x0000000000000000      0x3e6 /usr/lib/gcc/avr/7.3.0/../../../avr/lib/avr6/crtatmega2560.o

.debug_loc
 *(.debug_loc)

.debug_macinfo
 *(.debug_macinfo)

.debug_weaknames
 *(.debug_weaknames)

.debug_funcnames
 *(.debug_funcnames)

.debug_typenames
 *(.debug_typenames)

.debug_varnames
 *(.debug_varnames)

.debug_pubtypes
 *(.debug_pubtypes)

.debug_ranges
 *(.debug_ranges)

.debug_macro
 *(.debug_macro)
OUTPUT(build/atmega2560/solenoid.elf elf32-avr)
LOAD linker stubs
